Archive member included to satisfy reference by file (symbol)

/usr/lib/gcc/arm-none-eabi/13.2.1/thumb/v6-m/nofp/libgcc.a(_udivsi3.o)
                              src/main.o (__aeabi_uidiv)
/usr/lib/gcc/arm-none-eabi/13.2.1/thumb/v6-m/nofp/libgcc.a(_divsi3.o)
                              src/main.o (__aeabi_idiv)
/usr/lib/gcc/arm-none-eabi/13.2.1/thumb/v6-m/nofp/libgcc.a(_dvmd_tls.o)
                              /usr/lib/gcc/arm-none-eabi/13.2.1/thumb/v6-m/nofp/libgcc.a(_udivsi3.o) (__aeabi_idiv0)
/usr/lib/gcc/arm-none-eabi/13.2.1/thumb/v6-m/nofp/libgcc.a(_arm_cmpsf2.o)
                              src/pid.o (__aeabi_fcmplt)
/usr/lib/gcc/arm-none-eabi/13.2.1/thumb/v6-m/nofp/libgcc.a(_fixunssfsi.o)
                              src/pid.o (__aeabi_f2uiz)
/usr/lib/gcc/arm-none-eabi/13.2.1/thumb/v6-m/nofp/libgcc.a(addsf3.o)
                              src/pid.o (__aeabi_fadd)
/usr/lib/gcc/arm-none-eabi/13.2.1/thumb/v6-m/nofp/libgcc.a(divsf3.o)
                              src/pid.o (__aeabi_fdiv)
/usr/lib/gcc/arm-none-eabi/13.2.1/thumb/v6-m/nofp/libgcc.a(eqsf2.o)
                              /usr/lib/gcc/arm-none-eabi/13.2.1/thumb/v6-m/nofp/libgcc.a(_arm_cmpsf2.o) (__eqsf2)
/usr/lib/gcc/arm-none-eabi/13.2.1/thumb/v6-m/nofp/libgcc.a(gesf2.o)
                              /usr/lib/gcc/arm-none-eabi/13.2.1/thumb/v6-m/nofp/libgcc.a(_arm_cmpsf2.o) (__gesf2)
/usr/lib/gcc/arm-none-eabi/13.2.1/thumb/v6-m/nofp/libgcc.a(lesf2.o)
                              /usr/lib/gcc/arm-none-eabi/13.2.1/thumb/v6-m/nofp/libgcc.a(_arm_cmpsf2.o) (__lesf2)
/usr/lib/gcc/arm-none-eabi/13.2.1/thumb/v6-m/nofp/libgcc.a(mulsf3.o)
                              src/pid.o (__aeabi_fmul)
/usr/lib/gcc/arm-none-eabi/13.2.1/thumb/v6-m/nofp/libgcc.a(subsf3.o)
                              src/pid.o (__aeabi_fsub)
/usr/lib/gcc/arm-none-eabi/13.2.1/thumb/v6-m/nofp/libgcc.a(fixsfsi.o)
                              /usr/lib/gcc/arm-none-eabi/13.2.1/thumb/v6-m/nofp/libgcc.a(_fixunssfsi.o) (__aeabi_f2iz)
/usr/lib/gcc/arm-none-eabi/13.2.1/thumb/v6-m/nofp/libgcc.a(floatsisf.o)
                              src/pid.o (__aeabi_i2f)
/usr/lib/gcc/arm-none-eabi/13.2.1/thumb/v6-m/nofp/libgcc.a(_clzsi2.o)
                              /usr/lib/gcc/arm-none-eabi/13.2.1/thumb/v6-m/nofp/libgcc.a(addsf3.o) (__clzsi2)
/usr/lib/gcc/arm-none-eabi/13.2.1/../../../arm-none-eabi/lib/thumb/v6-m/nofp/libc_nano.a(libc_a-itoa.o)
                              src/main.o (itoa)
/usr/lib/gcc/arm-none-eabi/13.2.1/../../../arm-none-eabi/lib/thumb/v6-m/nofp/libc_nano.a(libc_a-init.o)
                              /usr/lib/gcc/arm-none-eabi/13.2.1/../../../arm-none-eabi/lib/thumb/v6-m/nofp/crt0.o (__libc_init_array)
/usr/lib/gcc/arm-none-eabi/13.2.1/../../../arm-none-eabi/lib/thumb/v6-m/nofp/libc_nano.a(libc_a-utoa.o)
                              /usr/lib/gcc/arm-none-eabi/13.2.1/../../../arm-none-eabi/lib/thumb/v6-m/nofp/libc_nano.a(libc_a-itoa.o) (__utoa)
/usr/lib/gcc/arm-none-eabi/13.2.1/../../../arm-none-eabi/lib/thumb/v6-m/nofp/libc_nano.a(libc_a-memset.o)
                              /usr/lib/gcc/arm-none-eabi/13.2.1/../../../arm-none-eabi/lib/thumb/v6-m/nofp/crt0.o (memset)
/usr/lib/gcc/arm-none-eabi/13.2.1/../../../arm-none-eabi/lib/thumb/v6-m/nofp/libc_nano.a(libc_a-errno.o)
                              src/syscalls.o (__errno)
/usr/lib/gcc/arm-none-eabi/13.2.1/../../../arm-none-eabi/lib/thumb/v6-m/nofp/libc_nano.a(libc_a-exit.o)
                              /usr/lib/gcc/arm-none-eabi/13.2.1/../../../arm-none-eabi/lib/thumb/v6-m/nofp/crt0.o (exit)
/usr/lib/gcc/arm-none-eabi/13.2.1/../../../arm-none-eabi/lib/thumb/v6-m/nofp/libc_nano.a(libc_a-atexit.o)
                              /usr/lib/gcc/arm-none-eabi/13.2.1/../../../arm-none-eabi/lib/thumb/v6-m/nofp/crt0.o (atexit)
/usr/lib/gcc/arm-none-eabi/13.2.1/../../../arm-none-eabi/lib/thumb/v6-m/nofp/libc_nano.a(libc_a-printf.o)
                              src/main.o (printf)
/usr/lib/gcc/arm-none-eabi/13.2.1/../../../arm-none-eabi/lib/thumb/v6-m/nofp/libc_nano.a(libc_a-nano-vfprintf.o)
                              /usr/lib/gcc/arm-none-eabi/13.2.1/../../../arm-none-eabi/lib/thumb/v6-m/nofp/libc_nano.a(libc_a-printf.o) (_vfprintf_r)
/usr/lib/gcc/arm-none-eabi/13.2.1/../../../arm-none-eabi/lib/thumb/v6-m/nofp/libc_nano.a(libc_a-fini.o)
                              /usr/lib/gcc/arm-none-eabi/13.2.1/../../../arm-none-eabi/lib/thumb/v6-m/nofp/crt0.o (__libc_fini_array)
/usr/lib/gcc/arm-none-eabi/13.2.1/../../../arm-none-eabi/lib/thumb/v6-m/nofp/libc_nano.a(libc_a-wbuf.o)
                              /usr/lib/gcc/arm-none-eabi/13.2.1/../../../arm-none-eabi/lib/thumb/v6-m/nofp/libc_nano.a(libc_a-nano-vfprintf.o) (__swbuf_r)
/usr/lib/gcc/arm-none-eabi/13.2.1/../../../arm-none-eabi/lib/thumb/v6-m/nofp/libc_nano.a(libc_a-impure.o)
                              /usr/lib/gcc/arm-none-eabi/13.2.1/../../../arm-none-eabi/lib/thumb/v6-m/nofp/libc_nano.a(libc_a-errno.o) (_impure_ptr)
[...]
Memory Configuration

Name             Origin             Length             Attributes
RAM              0x20000000         0x00001000         xrw
FLASH            0x08000000         0x00008000         xr
*default*        0x00000000         0xffffffff

Linker script and memory map

LOAD /usr/lib/gcc/arm-none-eabi/13.2.1/thumb/v6-m/nofp/crti.o
LOAD /usr/lib/gcc/arm-none-eabi/13.2.1/thumb/v6-m/nofp/crtbegin.o
LOAD /usr/lib/gcc/arm-none-eabi/13.2.1/../../../arm-none-eabi/lib/thumb/v6-m/nofp/crt0.o
LOAD src/main.o
LOAD src/startup.o
LOAD lib/Puya_PY32F0xx_DFP/Drivers/CMSIS/Device/PY32F0xx/Source/system_py32f0xx.o
LOAD src/syscalls.o
LOAD src/uart.o
LOAD src/lcd.o
LOAD src/scr_power.o
LOAD src/ntc_lut.o
LOAD src/eeprom_emul.o
LOAD src/pid.o
LOAD src/systick.o
START GROUP
LOAD /usr/lib/gcc/arm-none-eabi/13.2.1/thumb/v6-m/nofp/libgcc.a
LOAD /usr/lib/gcc/arm-none-eabi/13.2.1/../../../arm-none-eabi/lib/thumb/v6-m/nofp/libc_nano.a
END GROUP
START GROUP
LOAD /usr/lib/gcc/arm-none-eabi/13.2.1/thumb/v6-m/nofp/libgcc.a
LOAD /usr/lib/gcc/arm-none-eabi/13.2.1/../../../arm-none-eabi/lib/thumb/v6-m/nofp/libc_nano.a
END GROUP
LOAD /usr/lib/gcc/arm-none-eabi/13.2.1/thumb/v6-m/nofp/crtend.o
LOAD /usr/lib/gcc/arm-none-eabi/13.2.1/thumb/v6-m/nofp/crtn.o
                0x20001000                        _estack = (ORIGIN (RAM) + LENGTH (RAM))
                0x00000080                        _Min_Heap_Size = 0x80
                0x00000200                        _Min_Stack_Size = 0x200

.vectors        0x08000000       0xc0
                0x08000000                        . = ALIGN (0x4)
 *(.vectors)
 .vectors       0x08000000       0xc0 src/startup.o
                0x08000000                __Vectors
                0x080000c0                __Vectors_End
                0x080000c0                        . = ALIGN (0x4)

.text           0x080000c0     0x3f00
                0x080000c0                        . = ALIGN (0x4)
 *(.text)
 .text          0x080000c0       0x98 /usr/lib/gcc/arm-none-eabi/13.2.1/thumb/v6-m/nofp/crtbegin.o
 .text          0x08000158      0x114 /usr/lib/gcc/arm-none-eabi/13.2.1/thumb/v6-m/nofp/libgcc.a(_udivsi3.o)
                0x08000158                __udivsi3
                0x08000158                __aeabi_uidiv
                0x08000264                __aeabi_uidivmod
 .text          0x0800026c      0x1d4 /usr/lib/gcc/arm-none-eabi/13.2.1/thumb/v6-m/nofp/libgcc.a(_divsi3.o)
                0x0800026c                __aeabi_idiv
                0x0800026c                __divsi3
                0x08000438                __aeabi_idivmod
 .text          0x08000440        0x4 /usr/lib/gcc/arm-none-eabi/13.2.1/thumb/v6-m/nofp/libgcc.a(_dvmd_tls.o)
                0x08000440                __aeabi_ldiv0
                0x08000440                __aeabi_idiv0
 .text          0x08000444       0x74 /usr/lib/gcc/arm-none-eabi/13.2.1/thumb/v6-m/nofp/libgcc.a(_arm_cmpsf2.o)
                0x08000444                __aeabi_cfrcmple
                0x0800044c                __aeabi_cfcmple
                0x0800044c                __aeabi_cfcmpeq
                0x0800045c                __aeabi_fcmpeq
                0x08000468                __aeabi_fcmplt
                0x0800047c                __aeabi_fcmple
                0x08000490                __aeabi_fcmpgt
                0x080004a4                __aeabi_fcmpge
 .text          0x080004b8       0x30 /usr/lib/gcc/arm-none-eabi/13.2.1/thumb/v6-m/nofp/libgcc.a(_fixunssfsi.o)
                0x080004b8                __aeabi_f2uiz
                0x080004b8                __fixunssfsi
 .text          0x080004e8      0x340 /usr/lib/gcc/arm-none-eabi/13.2.1/thumb/v6-m/nofp/libgcc.a(addsf3.o)
                0x080004e8                __aeabi_fadd
 .text          0x08000828      0x224 /usr/lib/gcc/arm-none-eabi/13.2.1/thumb/v6-m/nofp/libgcc.a(divsf3.o)
                0x08000828                __aeabi_fdiv
 .text          0x08000a4c       0x50 /usr/lib/gcc/arm-none-eabi/13.2.1/thumb/v6-m/nofp/libgcc.a(eqsf2.o)
                0x08000a4c                __nesf2
                0x08000a4c                __eqsf2
 .text          0x08000a9c       0x94 /usr/lib/gcc/arm-none-eabi/13.2.1/thumb/v6-m/nofp/libgcc.a(gesf2.o)
                0x08000a9c                __gtsf2
                0x08000a9c                __gesf2
 .text          0x08000b30       0x90 /usr/lib/gcc/arm-none-eabi/13.2.1/thumb/v6-m/nofp/libgcc.a(lesf2.o)
                0x08000b30                __lesf2
                0x08000b30                __ltsf2
 .text          0x08000bc0      0x280 /usr/lib/gcc/arm-none-eabi/13.2.1/thumb/v6-m/nofp/libgcc.a(mulsf3.o)
                0x08000bc0                __aeabi_fmul
 .text          0x08000e40      0x38c /usr/lib/gcc/arm-none-eabi/13.2.1/thumb/v6-m/nofp/libgcc.a(subsf3.o)
                0x08000e40                __aeabi_fsub
 .text          0x080011cc       0x40 /usr/lib/gcc/arm-none-eabi/13.2.1/thumb/v6-m/nofp/libgcc.a(fixsfsi.o)
                0x080011cc                __aeabi_f2iz
 .text          0x0800120c       0x94 /usr/lib/gcc/arm-none-eabi/13.2.1/thumb/v6-m/nofp/libgcc.a(floatsisf.o)
                0x0800120c                __aeabi_i2f
 .text          0x080012a0       0x3c /usr/lib/gcc/arm-none-eabi/13.2.1/thumb/v6-m/nofp/libgcc.a(_clzsi2.o)
                0x080012a0                __clzsi2
 .text          0x080012dc       0x60 /usr/lib/gcc/arm-none-eabi/13.2.1/../../../arm-none-eabi/lib/thumb/v6-m/nofp/libc_nano.a(libc_a-itoa.o)
                0x080012dc                __itoa
                0x0800130c                itoa
 .text          0x0800133c       0x88 /usr/lib/gcc/arm-none-eabi/13.2.1/../../../arm-none-eabi/lib/thumb/v6-m/nofp/libc_nano.a(libc_a-utoa.o)
                0x0800133c                __utoa
                0x080013bc                utoa
 .text          0x080013c4       0xa8 /usr/lib/gcc/arm-none-eabi/13.2.1/../../../arm-none-eabi/lib/thumb/v6-m/nofp/libc_nano.a(libc_a-memset.o)
                0x080013c4                memset
 .text          0x0800146c        0xc /usr/lib/gcc/arm-none-eabi/13.2.1/../../../arm-none-eabi/lib/thumb/v6-m/nofp/libc_nano.a(libc_a-errno.o)
                0x0800146c                __errno
 .text          0x08001478       0x40 /usr/lib/gcc/arm-none-eabi/13.2.1/../../../arm-none-eabi/lib/thumb/v6-m/nofp/libc_nano.a(libc_a-printf.o)
                0x08001478                _printf_r
                0x08001478                _iprintf_r
                0x08001494                printf
                0x08001494                iprintf
 .text          0x080014b8      0x308 /usr/lib/gcc/arm-none-eabi/13.2.1/../../../arm-none-eabi/lib/thumb/v6-m/nofp/libc_nano.a(libc_a-nano-vfprintf.o)
                0x080014e0                __sfputs_r
                0x0800150c                __sprint_r
                0x0800152c                _vfiprintf_r
                0x0800152c                _vfprintf_r
                0x080017a8                vfiprintf
                0x080017a8                vfprintf
 .text          0x080017c0       0xb4 /usr/lib/gcc/arm-none-eabi/13.2.1/../../../arm-none-eabi/lib/thumb/v6-m/nofp/libc_nano.a(libc_a-wbuf.o)
                0x080017c0                __swbuf_r
                0x0800185c                __swbuf
 .text          0x08001874      0x310 /usr/lib/gcc/arm-none-eabi/13.2.1/../../../arm-none-eabi/lib/thumb/v6-m/nofp/libc_nano.a(libc_a-fvwrite.o)
                0x08001874                __sfvwrite_r
 .text          0x08001b84      0x258 /usr/lib/gcc/arm-none-eabi/13.2.1/../../../arm-none-eabi/lib/thumb/v6-m/nofp/libc_nano.a(libc_a-findfp.o)
                0x08001ce0                __sfp
                0x08001d80                __sinit
                0x08001da4                __sfp_lock_acquire
                0x08001da8                __sfp_lock_release
                0x08001dac                __fp_lock_all
                0x08001dc4                __fp_unlock_all
 .text          0x08001ddc      0x1a8 /usr/lib/gcc/arm-none-eabi/13.2.1/../../../arm-none-eabi/lib/thumb/v6-m/nofp/libc_nano.a(libc_a-fflush.o)
                0x08001ddc                __sflush_r
                0x08001efc                _fflush_r
                0x08001f30                fflush
 .text          0x08001f84      0x158 /usr/lib/gcc/arm-none-eabi/13.2.1/../../../arm-none-eabi/lib/thumb/v6-m/nofp/libc_nano.a(libc_a-mallocr.o)
                0x08001fcc                _malloc_r
 .text          0x080020dc       0xb8 /usr/lib/gcc/arm-none-eabi/13.2.1/../../../arm-none-eabi/lib/thumb/v6-m/nofp/libc_nano.a(libc_a-freer.o)
                0x080020dc                _free_r
 .text          0x08002194       0xb0 /usr/lib/gcc/arm-none-eabi/13.2.1/../../../arm-none-eabi/lib/thumb/v6-m/nofp/libc_nano.a(libc_a-memmove.o)
                0x08002194                memmove
 .text          0x08002244       0x44 /usr/lib/gcc/arm-none-eabi/13.2.1/../../../arm-none-eabi/lib/thumb/v6-m/nofp/libc_nano.a(libc_a-fwalk.o)
                0x08002244                _fwalk_sglue
 .text          0x08002288       0xcc /usr/lib/gcc/arm-none-eabi/13.2.1/../../../arm-none-eabi/lib/thumb/v6-m/nofp/libc_nano.a(libc_a-wsetup.o)
                0x08002288                __swsetup_r
 .text          0x08002354       0x78 /usr/lib/gcc/arm-none-eabi/13.2.1/../../../arm-none-eabi/lib/thumb/v6-m/nofp/libc_nano.a(libc_a-reallocr.o)
                0x08002354                _realloc_r
 .text          0x080023cc      0x3a8 /usr/lib/gcc/arm-none-eabi/13.2.1/../../../arm-none-eabi/lib/thumb/v6-m/nofp/libc_nano.a(libc_a-nano-vfprintf_i.o)
                0x080023cc                _printf_common
                0x08002514                _printf_i
 .text          0x08002774        0x8 /usr/lib/gcc/arm-none-eabi/13.2.1/../../../arm-none-eabi/lib/thumb/v6-m/nofp/libc_nano.a(libc_a-mlock.o)
                0x08002774                __malloc_lock
                0x08002778                __malloc_unlock
 .text          0x0800277c      0x110 /usr/lib/gcc/arm-none-eabi/13.2.1/../../../arm-none-eabi/lib/thumb/v6-m/nofp/libc_nano.a(libc_a-makebuf.o)
                0x0800277c                __smakebuf_r
                0x08002840                __swhatbuf_r
 .text          0x0800288c       0x74 /usr/lib/gcc/arm-none-eabi/13.2.1/../../../arm-none-eabi/lib/thumb/v6-m/nofp/libc_nano.a(libc_a-memchr-stub.o)
                0x0800288c                memchr
 .text          0x08002900       0x8c /usr/lib/gcc/arm-none-eabi/13.2.1/../../../arm-none-eabi/lib/thumb/v6-m/nofp/libc_nano.a(libc_a-memcpy-stub.o)
                0x08002900                memcpy
 .text          0x0800298c       0x24 /usr/lib/gcc/arm-none-eabi/13.2.1/../../../arm-none-eabi/lib/thumb/v6-m/nofp/libc_nano.a(libc_a-isattyr.o)
                0x0800298c                _isatty_r
 .text          0x080029b0       0x24 /usr/lib/gcc/arm-none-eabi/13.2.1/../../../arm-none-eabi/lib/thumb/v6-m/nofp/libc_nano.a(libc_a-sbrkr.o)
                0x080029b0                _sbrk_r
 .text          0x080029d4       0xa8 /usr/lib/gcc/arm-none-eabi/13.2.1/../../../arm-none-eabi/lib/thumb/v6-m/nofp/libc_nano.a(libc_a-stdio.o)
                0x080029d4                __sread
                0x080029fc                __seofread
                0x08002a00                __swrite
                0x08002a40                __sseek
                0x08002a70                __sclose
 .text          0x08002a7c       0x14 /usr/lib/gcc/arm-none-eabi/13.2.1/../../../arm-none-eabi/lib/thumb/v6-m/nofp/libc_nano.a(libc_a-msizer.o)
                0x08002a7c                _malloc_usable_size_r
 .text          0x08002a90       0x24 /usr/lib/gcc/arm-none-eabi/13.2.1/../../../arm-none-eabi/lib/thumb/v6-m/nofp/libc_nano.a(libc_a-closer.o)
                0x08002a90                _close_r
 .text          0x08002ab4       0x28 /usr/lib/gcc/arm-none-eabi/13.2.1/../../../arm-none-eabi/lib/thumb/v6-m/nofp/libc_nano.a(libc_a-readr.o)
                0x08002ab4                _read_r
 .text          0x08002adc       0x28 /usr/lib/gcc/arm-none-eabi/13.2.1/../../../arm-none-eabi/lib/thumb/v6-m/nofp/libc_nano.a(libc_a-fstatr.o)
                0x08002adc                _fstat_r
 .text          0x08002b04       0x28 /usr/lib/gcc/arm-none-eabi/13.2.1/../../../arm-none-eabi/lib/thumb/v6-m/nofp/libc_nano.a(libc_a-lseekr.o)
                0x08002b04                _lseek_r
 .text          0x08002b2c       0x28 /usr/lib/gcc/arm-none-eabi/13.2.1/../../../arm-none-eabi/lib/thumb/v6-m/nofp/libc_nano.a(libc_a-writer.o)
                0x08002b2c                _write_r
 *(.text*)
 .text.keys_init
                0x08002b54       0x74 src/main.o
                0x08002b54                keys_init
 .text.keys_scan
                0x08002bc8       0x3c src/main.o
                0x08002bc8                keys_scan
 .text.update_lcd_active_mode
                0x08002c04       0x7c src/main.o
                0x08002c04                update_lcd_active_mode
 .text.handle_buttons
                0x08002c80       0xec src/main.o
                0x08002c80                handle_buttons
 .text.startup.main
                0x08002d6c      0x19c src/main.o
                0x08002d6c                main
 .text.Reset_Handler
                0x08002f08       0x4c src/startup.o
                0x08002f08                Reset_Handler
 .text.Default_Handler
                0x08002f54       0x3a src/startup.o
                0x08002f54                NMI_Handler
                0x08002f56                HardFault_Handler
                0x08002f58                SVC_Handler
                0x08002f5a                PendSV_Handler
                0x08002f5e                WWDG_IRQHandler
                0x08002f60                PVD_IRQHandler
                0x08002f62                RTC_IRQHandler
                0x08002f64                FLASH_IRQHandler
                0x08002f66                RCC_IRQHandler
                0x08002f68                EXTI0_1_IRQHandler
                0x08002f6c                EXTI4_15_IRQHandler
                0x08002f6e                DMA1_Channel1_IRQHandler
                0x08002f70                DMA1_Channel2_3_IRQHandler
                0x08002f74                TIM1_BRK_UP_TRG_COM_IRQHandler
                0x08002f76                TIM1_CC_IRQHandler
                0x08002f78                TIM3_IRQHandler
                0x08002f7a                LPTIM1_IRQHandler
                0x08002f7e                TIM16_IRQHandler
                0x08002f82                I2C1_IRQHandler
                0x08002f84                SPI1_IRQHandler
                0x08002f86                SPI2_IRQHandler
                0x08002f8a                USART2_IRQHandler
                0x08002f8c                LED_IRQHandler
 *fill*         0x08002f8e        0x2 
 .text.SystemCoreClockUpdate
                0x08002f90       0x84 lib/Puya_PY32F0xx_DFP/Drivers/CMSIS/Device/PY32F0xx/Source/system_py32f0xx.o
                0x08002f90                SystemCoreClockUpdate
 .text.SystemInit
                0x08003014       0x2c lib/Puya_PY32F0xx_DFP/Drivers/CMSIS/Device/PY32F0xx/Source/system_py32f0xx.o
                0x08003014                SystemInit
 .text._write   0x08003040       0x1a src/syscalls.o
                0x08003040                _write
 .text._read    0x0800305a       0x26 src/syscalls.o
                0x0800305a                _read
 .text._sbrk    0x08003080       0x2c src/syscalls.o
                0x08003080                _sbrk
 .text._close   0x080030ac        0x6 src/syscalls.o
                0x080030ac                _close
 .text._lseek   0x080030b2        0x6 src/syscalls.o
                0x080030b2                _lseek
 .text._fstat   0x080030b8        0xa src/syscalls.o
                0x080030b8                _fstat
 .text._isatty  0x080030c2        0x4 src/syscalls.o
                0x080030c2                _isatty
 *fill*         0x080030c6        0x2 
 .text.uart_init
                0x080030c8       0x68 src/uart.o
                0x080030c8                uart_init
 .text.uart_putc
                0x08003130       0x3c src/uart.o
                0x08003130                uart_putc
 .text.uart_getc
                0x0800316c       0x38 src/uart.o
                0x0800316c                uart_getc
 .text.USART1_IRQHandler
                0x080031a4       0x7c src/uart.o
                0x080031a4                USART1_IRQHandler
 .text.delay_us
                0x08003220        0xc src/lcd.o
                0x08003220                delay_us
 .text.LCD_WriteNibble
                0x0800322c       0x84 src/lcd.o
 .text.LCD_WriteByte
                0x080032b0       0x3c src/lcd.o
 .text.LCD_SetCursor
                0x080032ec       0x30 src/lcd.o
                0x080032ec                LCD_SetCursor
 .text.LCD_WriteChar
                0x0800331c       0x10 src/lcd.o
                0x0800331c                LCD_WriteChar
 .text.DrawNum  0x0800332c       0x54 src/lcd.o
                0x0800332c                DrawNum
 .text.Draw3Num
                0x08003380       0x86 src/lcd.o
                0x08003380                Draw3Num
 .text.LCD_WriteString
                0x08003406       0x14 src/lcd.o
                0x08003406                LCD_WriteString
 .text.LCD_DefineChar
                0x0800341a       0x38 src/lcd.o
                0x0800341a                LCD_DefineChar
 *fill*         0x08003452        0x2 
 .text.BigFontInit
                0x08003454       0x1c src/lcd.o
                0x08003454                BigFontInit
 .text.LCD_Init
                0x08003470      0x158 src/lcd.o
                0x08003470                LCD_Init
 .text.ScrPowerConfig
                0x080035c8      0x134 src/scr_power.o
                0x080035c8                ScrPowerConfig
 .text.TIM17_IRQHandler
                0x080036fc       0x74 src/scr_power.o
                0x080036fc                TIM17_IRQHandler
 .text.EXTI2_3_IRQHandler
                0x08003770      0x12c src/scr_power.o
                0x08003770                EXTI2_3_IRQHandler
 .text.SetPower
                0x0800389c       0x18 src/scr_power.o
                0x0800389c                SetPower
 .text.ADC_Init
                0x080038b4       0xe8 src/ntc_lut.o
                0x080038b4                ADC_Init
 .text.ADC_COMP_IRQHandler
                0x0800399c       0x80 src/ntc_lut.o
                0x0800399c                ADC_COMP_IRQHandler
 .text.TIM14_IRQHandler
                0x08003a1c       0x28 src/ntc_lut.o
                0x08003a1c                TIM14_IRQHandler
 .text.analog2temp
                0x08003a44       0x54 src/ntc_lut.o
                0x08003a44                analog2temp
 .text.flash_write_core
                0x08003a98       0x50 src/eeprom_emul.o
 .text.flash_erase_core
                0x08003ae8       0x3c src/eeprom_emul.o
 .text.EEPROM_Init
                0x08003b24       0x84 src/eeprom_emul.o
                0x08003b24                EEPROM_Init
 .text.EEPROM_Write_Upd
                0x08003ba8       0x58 src/eeprom_emul.o
                0x08003ba8                EEPROM_Write_Upd
 .text.EEPROM_Read
                0x08003c00        0xc src/eeprom_emul.o
                0x08003c00                EEPROM_Read
 .text.EEPROM_Write
                0x08003c0c        0xc src/eeprom_emul.o
                0x08003c0c                EEPROM_Write
 .text.EEPROM_erase
                0x08003c18       0x88 src/eeprom_emul.o
                0x08003c18                EEPROM_erase
 .text.EEPROM_Update
                0x08003ca0       0xac src/eeprom_emul.o
                0x08003ca0                EEPROM_Update
 .text.pid_init
                0x08003d4c       0x10 src/pid.o
                0x08003d4c                pid_init
 .text.pid_compute
                0x08003d5c      0x164 src/pid.o
                0x08003d5c                pid_compute
 .text.SystemClock_Config
                0x08003ec0       0x80 src/systick.o
                0x08003ec0                SystemClock_Config
 .text.SysTick_Init
                0x08003f40       0x34 src/systick.o
                0x08003f40                SysTick_Init
 .text.SysTick_Handler
                0x08003f74       0x10 src/systick.o
                0x08003f74                SysTick_Handler
 .text.delay_ms
                0x08003f84       0x18 src/systick.o
                0x08003f84                delay_ms
 .text.get_system_time
                0x08003f9c        0xc src/systick.o
                0x08003f9c                get_system_time
 *(.glue_7)
 .glue_7        0x08003fa8        0x0 linker stubs
 *(.glue_7t)
 .glue_7t       0x08003fa8        0x0 linker stubs
 *(.eh_frame)
 .eh_frame      0x08003fa8        0x0 /usr/lib/gcc/arm-none-eabi/13.2.1/thumb/v6-m/nofp/crtbegin.o
 *(.init)
 .init          0x08003fa8        0x4 /usr/lib/gcc/arm-none-eabi/13.2.1/thumb/v6-m/nofp/crti.o
                0x08003fa8                _init
 .init          0x08003fac        0x8 /usr/lib/gcc/arm-none-eabi/13.2.1/thumb/v6-m/nofp/crtn.o
 *(.fini)
 .fini          0x08003fb4        0x4 /usr/lib/gcc/arm-none-eabi/13.2.1/thumb/v6-m/nofp/crti.o
                0x08003fb4                _fini
 .fini          0x08003fb8        0x8 /usr/lib/gcc/arm-none-eabi/13.2.1/thumb/v6-m/nofp/crtn.o
                0x08003fc0                        . = ALIGN (0x4)
                0x08003fc0                        _etext = .

.vfp11_veneer   0x08003fc0        0x0
 .vfp11_veneer  0x08003fc0        0x0 linker stubs

.v4_bx          0x08003fc0        0x0
 .v4_bx         0x08003fc0        0x0 linker stubs

.iplt           0x08003fc0        0x0
 .iplt          0x08003fc0        0x0 /usr/lib/gcc/arm-none-eabi/13.2.1/thumb/v6-m/nofp/crtbegin.o

.rodata         0x08003fc0      0x348
                0x08003fc0                        . = ALIGN (0x4)
 *(.rodata)
 .rodata        0x08003fc0       0x7c /usr/lib/gcc/arm-none-eabi/13.2.1/thumb/v6-m/nofp/libgcc.a(divsf3.o)
 .rodata        0x0800403c       0x84 /usr/lib/gcc/arm-none-eabi/13.2.1/../../../arm-none-eabi/lib/thumb/v6-m/nofp/libc_nano.a(libc_a-nano-vfprintf_i.o)
 *(.rodata*)
 .rodata.update_lcd_active_mode.str1.1
                0x080040c0       0x22 src/main.o
                                  0x5 (size before relaxing)
 .rodata.main.str1.1
                0x080040e2       0x1d src/main.o
 *fill*         0x080040e2        0x2 
 .rodata.HSIFreqTable
                0x080040e4       0x20 lib/Puya_PY32F0xx_DFP/Drivers/CMSIS/Device/PY32F0xx/Source/system_py32f0xx.o
                0x080040e4                HSIFreqTable
 .rodata.AHBPrescTable
                0x08004104       0x40 lib/Puya_PY32F0xx_DFP/Drivers/CMSIS/Device/PY32F0xx/Source/system_py32f0xx.o
                0x08004104                AHBPrescTable
 .rodata.CSWTCH.14
                0x08004144        0x3 src/lcd.o
 .rodata.FontTable
                0x08004147       0x3c src/lcd.o
                0x08004147                FontTable
 .rodata.FontShape
                0x08004183       0x40 src/lcd.o
                0x08004183                FontShape
 .rodata.phase_delay_percent
                0x080041c3       0x33 src/scr_power.o
 .rodata.lookup_ntc
                0x080041f6       0xac src/ntc_lut.o
                0x080041f6                lookup_ntc
 *fill*         0x080042a2        0x2 
 .rodata.str1.4
                0x080042a4       0x61 /usr/lib/gcc/arm-none-eabi/13.2.1/../../../arm-none-eabi/lib/thumb/v6-m/nofp/libc_nano.a(libc_a-utoa.o)
                                 0x25 (size before relaxing)
 .rodata.str1.4
                0x08004305       0x13 /usr/lib/gcc/arm-none-eabi/13.2.1/../../../arm-none-eabi/lib/thumb/v6-m/nofp/libc_nano.a(libc_a-nano-vfprintf.o)
 .rodata.str1.4
                0x08004305       0x25 /usr/lib/gcc/arm-none-eabi/13.2.1/../../../arm-none-eabi/lib/thumb/v6-m/nofp/libc_nano.a(libc_a-nano-vfprintf_i.o)
                0x0800432c                        . = ALIGN (0x4)
 *fill*         0x08004305        0x3 

.rel.dyn        0x08004308        0x0
 .rel.iplt      0x08004308        0x0 /usr/lib/gcc/arm-none-eabi/13.2.1/thumb/v6-m/nofp/crtbegin.o

.ARM.extab
 *(.ARM.extab* .gnu.linkonce.armextab.*)

.ARM            0x08004308        0x0
                0x08004308                        __exidx_start = .
 *(.ARM.exidx*)
                0x08004308                        __exidx_end = .

.preinit_array  0x08004308        0x0
                0x08004308                        PROVIDE (__preinit_array_start = .)
 *(.preinit_array*)
                0x08004308                        PROVIDE (__preinit_array_end = .)

.init_array     0x08004308        0x4
                0x08004308                        PROVIDE (__init_array_start = .)
 *(SORT_BY_NAME(.init_array.*))
 *(.init_array*)
 .init_array    0x08004308        0x4 /usr/lib/gcc/arm-none-eabi/13.2.1/thumb/v6-m/nofp/crtbegin.o
                0x0800430c                        PROVIDE (__init_array_end = .)

.fini_array     0x0800430c        0x4
                0x0800430c                        PROVIDE (__fini_array_start = .)
 *(SORT_BY_NAME(.fini_array.*))
 *(.fini_array*)
 .fini_array    0x0800430c        0x4 /usr/lib/gcc/arm-none-eabi/13.2.1/thumb/v6-m/nofp/crtbegin.o
                0x08004310                        PROVIDE (__fini_array_end = .)

.data           0x20000000       0x74 load address 0x08004310
                0x20000000                        __data_start = .
 *(.data)
 .data          0x20000000       0x50 /usr/lib/gcc/arm-none-eabi/13.2.1/../../../arm-none-eabi/lib/thumb/v6-m/nofp/libc_nano.a(libc_a-impure.o)
                0x20000000                _impure_ptr
                0x20000004                _impure_data
 .data          0x20000050        0xc /usr/lib/gcc/arm-none-eabi/13.2.1/../../../arm-none-eabi/lib/thumb/v6-m/nofp/libc_nano.a(libc_a-findfp.o)
                0x20000050                __sglue
 *(.data*)
 .data.SystemCoreClock
                0x2000005c        0x4 lib/Puya_PY32F0xx_DFP/Drivers/CMSIS/Device/PY32F0xx/Source/system_py32f0xx.o
                0x2000005c                SystemCoreClock
 .data.heap_end.0
                0x20000060        0x4 src/syscalls.o
 .data.period_samples.0
                0x20000064        0x6 src/scr_power.o
 .data.old_period
                0x2000006a        0x2 src/scr_power.o
                0x2000006a                old_period
 .data.filtered_period
                0x2000006c        0x2 src/scr_power.o
                0x2000006c                filtered_period
 .data.adc_samples.0
                0x2000006e        0x6 src/ntc_lut.o
                0x20000074                        . = ALIGN (0x4)
                0x20000074                        __data_end = .
                0x08004310                        __data_load_start = LOADADDR (.data)

.tm_clone_table
                0x20000074        0x0 load address 0x08004384
 .tm_clone_table
                0x20000074        0x0 /usr/lib/gcc/arm-none-eabi/13.2.1/thumb/v6-m/nofp/crtbegin.o
 .tm_clone_table
                0x20000074        0x0 /usr/lib/gcc/arm-none-eabi/13.2.1/thumb/v6-m/nofp/crtend.o

.igot.plt       0x20000074        0x0 load address 0x08004384
 .igot.plt      0x20000074        0x0 /usr/lib/gcc/arm-none-eabi/13.2.1/thumb/v6-m/nofp/crtbegin.o

.bss            0x20000074      0x308 load address 0x08004384
                0x20000074                        __bss_start = .
                0x20000074                        PROVIDE (__bss_start__ = __bss_start)
 *(.bss)
 .bss           0x20000074       0x1c /usr/lib/gcc/arm-none-eabi/13.2.1/thumb/v6-m/nofp/crtbegin.o
 .bss           0x20000090      0x13c /usr/lib/gcc/arm-none-eabi/13.2.1/../../../arm-none-eabi/lib/thumb/v6-m/nofp/libc_nano.a(libc_a-findfp.o)
                0x20000090                __stdio_exit_handler
                0x20000094                __sf
 .bss           0x200001cc        0x8 /usr/lib/gcc/arm-none-eabi/13.2.1/../../../arm-none-eabi/lib/thumb/v6-m/nofp/libc_nano.a(libc_a-mallocr.o)
                0x200001cc                __malloc_sbrk_start
                0x200001d0                __malloc_free_list
 .bss           0x200001d4        0x4 /usr/lib/gcc/arm-none-eabi/13.2.1/../../../arm-none-eabi/lib/thumb/v6-m/nofp/libc_nano.a(libc_a-reent.o)
                0x200001d4                errno
 *(.bss*)
 .bss.rx_tail   0x200001d8        0x1 src/uart.o
 .bss.rx_head   0x200001d9        0x1 src/uart.o
 .bss.rx_buf    0x200001da       0x40 src/uart.o
 .bss.tx_tail   0x2000021a        0x1 src/uart.o
 .bss.tx_head   0x2000021b        0x1 src/uart.o
 .bss.tx_buf    0x2000021c       0x40 src/uart.o
 .bss.sample_index.1
                0x2000025c        0x1 src/scr_power.o
 .bss.tim17_state
                0x2000025d        0x1 src/scr_power.o
                0x2000025d                tim17_state
 .bss.power_level
                0x2000025e        0x1 src/scr_power.o
                0x2000025e                power_level
 *fill*         0x2000025f        0x1 
 .bss.tick_diff
                0x20000260        0x2 src/scr_power.o
                0x20000260                tick_diff
 .bss.last_tick
                0x20000262        0x2 src/scr_power.o
                0x20000262                last_tick
 .bss.sample_index.1
                0x20000264        0x1 src/ntc_lut.o
 *fill*         0x20000265        0x1 
 .bss.ntc_adc_value
                0x20000266        0x2 src/ntc_lut.o
                0x20000266                ntc_adc_value
 .bss.ram_code  0x20000268       0x80 src/eeprom_emul.o
 .bss.eeprom_buffer
                0x200002e8       0x88 src/eeprom_emul.o
 .bss.erase_required
                0x20000370        0x1 src/eeprom_emul.o
 .bss.current_write_addr
                0x20000371        0x1 src/eeprom_emul.o
 .bss.write_pending
                0x20000372        0x1 src/eeprom_emul.o
 *fill*         0x20000373        0x1 
 .bss.previous_eeprom_value
                0x20000374        0x2 src/eeprom_emul.o
 .bss.eeprom_value
                0x20000376        0x2 src/eeprom_emul.o
 .bss.system_ticks
                0x20000378        0x4 src/systick.o
 *(COMMON)
                0x2000037c                        . = ALIGN (0x4)
                0x2000037c                        __bss_end = .
                0x2000037c                        PROVIDE (__bss_end__ = __bss_end)

.heap           0x20000380      0x100 load address 0x08004388
                0x20000380                        __heap_base = .
                0x20000400                        . = (. + _Min_Heap_Size)
 *fill*         0x20000380       0x80 
                0x20000400                        __heap_limit = .
 .heap          0x20000400       0x80 src/startup.o

.stack          0x20000480      0x400 load address 0x08004388
                0x20000680                        . = (. + _Min_Stack_Size)
 *fill*         0x20000480      0x200 
                0x20000680                        __initial_sp = .
                [!provide]                        PROVIDE (_estack = .)
 .stack         0x20000680      0x200 src/startup.o

._user_heap_stack
                0x20000880        0x0 load address 0x08004384
                0x20000880                        . = ALIGN (0x8)
                [!provide]                        PROVIDE (end = .)
                [!provide]                        PROVIDE (_end = .)
                0x20000880                        . = ALIGN (0x8)

/DISCARD/
 libc.a(*)
 libm.a(*)
 libgcc.a(*)

.ARM.attributes
                0x00000000       0x28
 *(.ARM.attributes)
 .ARM.attributes
                0x00000000       0x1e /usr/lib/gcc/arm-none-eabi/13.2.1/thumb/v6-m/nofp/crti.o
 .ARM.attributes
                0x0000001e       0x2c /usr/lib/gcc/arm-none-eabi/13.2.1/thumb/v6-m/nofp/crtbegin.o
 .ARM.attributes
                0x0000004a       0x2c src/main.o
 .ARM.attributes
                0x00000076       0x21 src/startup.o
 .ARM.attributes
                0x00000097       0x2c lib/Puya_PY32F0xx_DFP/Drivers/CMSIS/Device/PY32F0xx/Source/system_py32f0xx.o
 .ARM.attributes
                0x000000c3       0x2c src/syscalls.o
 .ARM.attributes
                0x000000ef       0x2c src/uart.o
 .ARM.attributes
                0x0000011b       0x2c src/lcd.o
 .ARM.attributes
                0x00000147       0x2c src/scr_power.o
 .ARM.attributes
                0x00000173       0x2c src/ntc_lut.o
 .ARM.attributes
                0x0000019f       0x2c src/eeprom_emul.o
 .ARM.attributes
                0x000001cb       0x2c src/pid.o
 .ARM.attributes
                0x000001f7       0x2c src/systick.o
 .ARM.attributes
                0x00000223       0x1e /usr/lib/gcc/arm-none-eabi/13.2.1/thumb/v6-m/nofp/libgcc.a(_udivsi3.o)
 .ARM.attributes
                0x00000241       0x1e /usr/lib/gcc/arm-none-eabi/13.2.1/thumb/v6-m/nofp/libgcc.a(_divsi3.o)
 .ARM.attributes
                0x0000025f       0x1e /usr/lib/gcc/arm-none-eabi/13.2.1/thumb/v6-m/nofp/libgcc.a(_dvmd_tls.o)
 .ARM.attributes
                0x0000027d       0x1e /usr/lib/gcc/arm-none-eabi/13.2.1/thumb/v6-m/nofp/libgcc.a(_arm_cmpsf2.o)
 .ARM.attributes
                0x0000029b       0x2c /usr/lib/gcc/arm-none-eabi/13.2.1/thumb/v6-m/nofp/libgcc.a(_fixunssfsi.o)
 .ARM.attributes
                0x000002c7       0x2c /usr/lib/gcc/arm-none-eabi/13.2.1/thumb/v6-m/nofp/libgcc.a(addsf3.o)
 .ARM.attributes
                0x000002f3       0x2c /usr/lib/gcc/arm-none-eabi/13.2.1/thumb/v6-m/nofp/libgcc.a(divsf3.o)
 .ARM.attributes
                0x0000031f       0x2c /usr/lib/gcc/arm-none-eabi/13.2.1/thumb/v6-m/nofp/libgcc.a(eqsf2.o)
 .ARM.attributes
                0x0000034b       0x2c /usr/lib/gcc/arm-none-eabi/13.2.1/thumb/v6-m/nofp/libgcc.a(gesf2.o)
 .ARM.attributes
                0x00000377       0x2c /usr/lib/gcc/arm-none-eabi/13.2.1/thumb/v6-m/nofp/libgcc.a(lesf2.o)
 .ARM.attributes
                0x000003a3       0x2c /usr/lib/gcc/arm-none-eabi/13.2.1/thumb/v6-m/nofp/libgcc.a(mulsf3.o)
 .ARM.attributes
                0x000003cf       0x2c /usr/lib/gcc/arm-none-eabi/13.2.1/thumb/v6-m/nofp/libgcc.a(subsf3.o)
 .ARM.attributes
                0x000003fb       0x2c /usr/lib/gcc/arm-none-eabi/13.2.1/thumb/v6-m/nofp/libgcc.a(fixsfsi.o)
 .ARM.attributes
                0x00000427       0x2c /usr/lib/gcc/arm-none-eabi/13.2.1/thumb/v6-m/nofp/libgcc.a(floatsisf.o)
 .ARM.attributes
                0x00000453       0x1e /usr/lib/gcc/arm-none-eabi/13.2.1/thumb/v6-m/nofp/libgcc.a(_clzsi2.o)
 .ARM.attributes
                0x00000471       0x2c /usr/lib/gcc/arm-none-eabi/13.2.1/../../../arm-none-eabi/lib/thumb/v6-m/nofp/libc_nano.a(libc_a-itoa.o)
 .ARM.attributes
                0x0000049d       0x2c /usr/lib/gcc/arm-none-eabi/13.2.1/../../../arm-none-eabi/lib/thumb/v6-m/nofp/libc_nano.a(libc_a-utoa.o)
 .ARM.attributes
                0x000004c9       0x2c /usr/lib/gcc/arm-none-eabi/13.2.1/../../../arm-none-eabi/lib/thumb/v6-m/nofp/libc_nano.a(libc_a-memset.o)
 .ARM.attributes
                0x000004f5       0x2c /usr/lib/gcc/arm-none-eabi/13.2.1/../../../arm-none-eabi/lib/thumb/v6-m/nofp/libc_nano.a(libc_a-errno.o)
 .ARM.attributes
                0x00000521       0x2c /usr/lib/gcc/arm-none-eabi/13.2.1/../../../arm-none-eabi/lib/thumb/v6-m/nofp/libc_nano.a(libc_a-printf.o)
 .ARM.attributes
                0x0000054d       0x2c /usr/lib/gcc/arm-none-eabi/13.2.1/../../../arm-none-eabi/lib/thumb/v6-m/nofp/libc_nano.a(libc_a-nano-vfprintf.o)
 .ARM.attributes
                0x00000579       0x2c /usr/lib/gcc/arm-none-eabi/13.2.1/../../../arm-none-eabi/lib/thumb/v6-m/nofp/libc_nano.a(libc_a-wbuf.o)
 .ARM.attributes
                0x000005a5       0x2c /usr/lib/gcc/arm-none-eabi/13.2.1/../../../arm-none-eabi/lib/thumb/v6-m/nofp/libc_nano.a(libc_a-impure.o)
 .ARM.attributes
                0x000005d1       0x2c /usr/lib/gcc/arm-none-eabi/13.2.1/../../../arm-none-eabi/lib/thumb/v6-m/nofp/libc_nano.a(libc_a-fvwrite.o)
 .ARM.attributes
                0x000005fd       0x2c /usr/lib/gcc/arm-none-eabi/13.2.1/../../../arm-none-eabi/lib/thumb/v6-m/nofp/libc_nano.a(libc_a-findfp.o)
 .ARM.attributes
                0x00000629       0x2c /usr/lib/gcc/arm-none-eabi/13.2.1/../../../arm-none-eabi/lib/thumb/v6-m/nofp/libc_nano.a(libc_a-fflush.o)
 .ARM.attributes
                0x00000655       0x2c /usr/lib/gcc/arm-none-eabi/13.2.1/../../../arm-none-eabi/lib/thumb/v6-m/nofp/libc_nano.a(libc_a-mallocr.o)
 .ARM.attributes
                0x00000681       0x2c /usr/lib/gcc/arm-none-eabi/13.2.1/../../../arm-none-eabi/lib/thumb/v6-m/nofp/libc_nano.a(libc_a-freer.o)
 .ARM.attributes
                0x000006ad       0x2c /usr/lib/gcc/arm-none-eabi/13.2.1/../../../arm-none-eabi/lib/thumb/v6-m/nofp/libc_nano.a(libc_a-memmove.o)
 .ARM.attributes
                0x000006d9       0x2c /usr/lib/gcc/arm-none-eabi/13.2.1/../../../arm-none-eabi/lib/thumb/v6-m/nofp/libc_nano.a(libc_a-fwalk.o)
 .ARM.attributes
                0x00000705       0x2c /usr/lib/gcc/arm-none-eabi/13.2.1/../../../arm-none-eabi/lib/thumb/v6-m/nofp/libc_nano.a(libc_a-wsetup.o)
 .ARM.attributes
                0x00000731       0x2c /usr/lib/gcc/arm-none-eabi/13.2.1/../../../arm-none-eabi/lib/thumb/v6-m/nofp/libc_nano.a(libc_a-reallocr.o)
 .ARM.attributes
                0x0000075d       0x2c /usr/lib/gcc/arm-none-eabi/13.2.1/../../../arm-none-eabi/lib/thumb/v6-m/nofp/libc_nano.a(libc_a-nano-vfprintf_i.o)
 .ARM.attributes
                0x00000789       0x2c /usr/lib/gcc/arm-none-eabi/13.2.1/../../../arm-none-eabi/lib/thumb/v6-m/nofp/libc_nano.a(libc_a-mlock.o)
 .ARM.attributes
                0x000007b5       0x2c /usr/lib/gcc/arm-none-eabi/13.2.1/../../../arm-none-eabi/lib/thumb/v6-m/nofp/libc_nano.a(libc_a-makebuf.o)
 .ARM.attributes
                0x000007e1       0x2c /usr/lib/gcc/arm-none-eabi/13.2.1/../../../arm-none-eabi/lib/thumb/v6-m/nofp/libc_nano.a(libc_a-memchr-stub.o)
 .ARM.attributes
                0x0000080d       0x2c /usr/lib/gcc/arm-none-eabi/13.2.1/../../../arm-none-eabi/lib/thumb/v6-m/nofp/libc_nano.a(libc_a-memcpy-stub.o)
 .ARM.attributes
                0x00000839       0x2c /usr/lib/gcc/arm-none-eabi/13.2.1/../../../arm-none-eabi/lib/thumb/v6-m/nofp/libc_nano.a(libc_a-isattyr.o)
 .ARM.attributes
                0x00000865       0x2c /usr/lib/gcc/arm-none-eabi/13.2.1/../../../arm-none-eabi/lib/thumb/v6-m/nofp/libc_nano.a(libc_a-sbrkr.o)
 .ARM.attributes
                0x00000891       0x2c /usr/lib/gcc/arm-none-eabi/13.2.1/../../../arm-none-eabi/lib/thumb/v6-m/nofp/libc_nano.a(libc_a-stdio.o)
 .ARM.attributes
                0x000008bd       0x2c /usr/lib/gcc/arm-none-eabi/13.2.1/../../../arm-none-eabi/lib/thumb/v6-m/nofp/libc_nano.a(libc_a-msizer.o)
 .ARM.attributes
                0x000008e9       0x2c /usr/lib/gcc/arm-none-eabi/13.2.1/../../../arm-none-eabi/lib/thumb/v6-m/nofp/libc_nano.a(libc_a-closer.o)
 .ARM.attributes
                0x00000915       0x2c /usr/lib/gcc/arm-none-eabi/13.2.1/../../../arm-none-eabi/lib/thumb/v6-m/nofp/libc_nano.a(libc_a-readr.o)
 .ARM.attributes
                0x00000941       0x2c /usr/lib/gcc/arm-none-eabi/13.2.1/../../../arm-none-eabi/lib/thumb/v6-m/nofp/libc_nano.a(libc_a-reent.o)
 .ARM.attributes
                0x0000096d       0x2c /usr/lib/gcc/arm-none-eabi/13.2.1/../../../arm-none-eabi/lib/thumb/v6-m/nofp/libc_nano.a(libc_a-fstatr.o)
 .ARM.attributes
                0x00000999       0x2c /usr/lib/gcc/arm-none-eabi/13.2.1/../../../arm-none-eabi/lib/thumb/v6-m/nofp/libc_nano.a(libc_a-lseekr.o)
 .ARM.attributes
                0x000009c5       0x2c /usr/lib/gcc/arm-none-eabi/13.2.1/../../../arm-none-eabi/lib/thumb/v6-m/nofp/libc_nano.a(libc_a-writer.o)
 .ARM.attributes
                0x000009f1       0x2c /usr/lib/gcc/arm-none-eabi/13.2.1/thumb/v6-m/nofp/crtend.o
 .ARM.attributes
                0x00000a1d       0x1e /usr/lib/gcc/arm-none-eabi/13.2.1/thumb/v6-m/nofp/crtn.o
OUTPUT(main.elf elf32-littlearm)
LOAD linker stubs
LOAD /usr/lib/gcc/arm-none-eabi/13.2.1/../../../arm-none-eabi/lib/thumb/v6-m/nofp/libc.a
LOAD /usr/lib/gcc/arm-none-eabi/13.2.1/../../../arm-none-eabi/lib/thumb/v6-m/nofp/libm.a
LOAD /usr/lib/gcc/arm-none-eabi/13.2.1/thumb/v6-m/nofp/libgcc.a

.comment        0x00000000       0x26
 .comment       0x00000000       0x26 /usr/lib/gcc/arm-none-eabi/13.2.1/thumb/v6-m/nofp/crtbegin.o
                                 0x27 (size before relaxing)
 .comment       0x00000026       0x27 src/main.o
 .comment       0x00000026       0x27 lib/Puya_PY32F0xx_DFP/Drivers/CMSIS/Device/PY32F0xx/Source/system_py32f0xx.o
 .comment       0x00000026       0x27 src/syscalls.o
 .comment       0x00000026       0x27 src/uart.o
 .comment       0x00000026       0x27 src/lcd.o
 .comment       0x00000026       0x27 src/scr_power.o
 .comment       0x00000026       0x27 src/ntc_lut.o
 .comment       0x00000026       0x27 src/eeprom_emul.o
 .comment       0x00000026       0x27 src/pid.o
 .comment       0x00000026       0x27 src/systick.o
 .comment       0x00000026       0x27 /usr/lib/gcc/arm-none-eabi/13.2.1/thumb/v6-m/nofp/libgcc.a(_fixunssfsi.o)
 .comment       0x00000026       0x27 /usr/lib/gcc/arm-none-eabi/13.2.1/thumb/v6-m/nofp/libgcc.a(addsf3.o)
 .comment       0x00000026       0x27 /usr/lib/gcc/arm-none-eabi/13.2.1/thumb/v6-m/nofp/libgcc.a(divsf3.o)
 .comment       0x00000026       0x27 /usr/lib/gcc/arm-none-eabi/13.2.1/thumb/v6-m/nofp/libgcc.a(eqsf2.o)
 .comment       0x00000026       0x27 /usr/lib/gcc/arm-none-eabi/13.2.1/thumb/v6-m/nofp/libgcc.a(gesf2.o)
 .comment       0x00000026       0x27 /usr/lib/gcc/arm-none-eabi/13.2.1/thumb/v6-m/nofp/libgcc.a(lesf2.o)
 .comment       0x00000026       0x27 /usr/lib/gcc/arm-none-eabi/13.2.1/thumb/v6-m/nofp/libgcc.a(mulsf3.o)
 .comment       0x00000026       0x27 /usr/lib/gcc/arm-none-eabi/13.2.1/thumb/v6-m/nofp/libgcc.a(subsf3.o)
 .comment       0x00000026       0x27 /usr/lib/gcc/arm-none-eabi/13.2.1/thumb/v6-m/nofp/libgcc.a(fixsfsi.o)
 .comment       0x00000026       0x27 /usr/lib/gcc/arm-none-eabi/13.2.1/thumb/v6-m/nofp/libgcc.a(floatsisf.o)
 .comment       0x00000026       0x27 /usr/lib/gcc/arm-none-eabi/13.2.1/../../../arm-none-eabi/lib/thumb/v6-m/nofp/libc_nano.a(libc_a-itoa.o)
 .comment       0x00000026       0x27 /usr/lib/gcc/arm-none-eabi/13.2.1/../../../arm-none-eabi/lib/thumb/v6-m/nofp/libc_nano.a(libc_a-utoa.o)
 .comment       0x00000026       0x27 /usr/lib/gcc/arm-none-eabi/13.2.1/../../../arm-none-eabi/lib/thumb/v6-m/nofp/libc_nano.a(libc_a-memset.o)
 .comment       0x00000026       0x27 /usr/lib/gcc/arm-none-eabi/13.2.1/../../../arm-none-eabi/lib/thumb/v6-m/nofp/libc_nano.a(libc_a-errno.o)
 .comment       0x00000026       0x27 /usr/lib/gcc/arm-none-eabi/13.2.1/../../../arm-none-eabi/lib/thumb/v6-m/nofp/libc_nano.a(libc_a-printf.o)
 .comment       0x00000026       0x27 /usr/lib/gcc/arm-none-eabi/13.2.1/../../../arm-none-eabi/lib/thumb/v6-m/nofp/libc_nano.a(libc_a-nano-vfprintf.o)
 .comment       0x00000026       0x27 /usr/lib/gcc/arm-none-eabi/13.2.1/../../../arm-none-eabi/lib/thumb/v6-m/nofp/libc_nano.a(libc_a-wbuf.o)
 .comment       0x00000026       0x27 /usr/lib/gcc/arm-none-eabi/13.2.1/../../../arm-none-eabi/lib/thumb/v6-m/nofp/libc_nano.a(libc_a-impure.o)
 .comment       0x00000026       0x27 /usr/lib/gcc/arm-none-eabi/13.2.1/../../../arm-none-eabi/lib/thumb/v6-m/nofp/libc_nano.a(libc_a-fvwrite.o)
 .comment       0x00000026       0x27 /usr/lib/gcc/arm-none-eabi/13.2.1/../../../arm-none-eabi/lib/thumb/v6-m/nofp/libc_nano.a(libc_a-findfp.o)
 .comment       0x00000026       0x27 /usr/lib/gcc/arm-none-eabi/13.2.1/../../../arm-none-eabi/lib/thumb/v6-m/nofp/libc_nano.a(libc_a-fflush.o)
 .comment       0x00000026       0x27 /usr/lib/gcc/arm-none-eabi/13.2.1/../../../arm-none-eabi/lib/thumb/v6-m/nofp/libc_nano.a(libc_a-mallocr.o)
 .comment       0x00000026       0x27 /usr/lib/gcc/arm-none-eabi/13.2.1/../../../arm-none-eabi/lib/thumb/v6-m/nofp/libc_nano.a(libc_a-freer.o)
 .comment       0x00000026       0x27 /usr/lib/gcc/arm-none-eabi/13.2.1/../../../arm-none-eabi/lib/thumb/v6-m/nofp/libc_nano.a(libc_a-memmove.o)
 .comment       0x00000026       0x27 /usr/lib/gcc/arm-none-eabi/13.2.1/../../../arm-none-eabi/lib/thumb/v6-m/nofp/libc_nano.a(libc_a-fwalk.o)
 .comment       0x00000026       0x27 /usr/lib/gcc/arm-none-eabi/13.2.1/../../../arm-none-eabi/lib/thumb/v6-m/nofp/libc_nano.a(libc_a-wsetup.o)
 .comment       0x00000026       0x27 /usr/lib/gcc/arm-none-eabi/13.2.1/../../../arm-none-eabi/lib/thumb/v6-m/nofp/libc_nano.a(libc_a-reallocr.o)
 .comment       0x00000026       0x27 /usr/lib/gcc/arm-none-eabi/13.2.1/../../../arm-none-eabi/lib/thumb/v6-m/nofp/libc_nano.a(libc_a-nano-vfprintf_i.o)
 .comment       0x00000026       0x27 /usr/lib/gcc/arm-none-eabi/13.2.1/../../../arm-none-eabi/lib/thumb/v6-m/nofp/libc_nano.a(libc_a-mlock.o)
 .comment       0x00000026       0x27 /usr/lib/gcc/arm-none-eabi/13.2.1/../../../arm-none-eabi/lib/thumb/v6-m/nofp/libc_nano.a(libc_a-makebuf.o)
 .comment       0x00000026       0x27 /usr/lib/gcc/arm-none-eabi/13.2.1/../../../arm-none-eabi/lib/thumb/v6-m/nofp/libc_nano.a(libc_a-memchr-stub.o)
 .comment       0x00000026       0x27 /usr/lib/gcc/arm-none-eabi/13.2.1/../../../arm-none-eabi/lib/thumb/v6-m/nofp/libc_nano.a(libc_a-memcpy-stub.o)
 .comment       0x00000026       0x27 /usr/lib/gcc/arm-none-eabi/13.2.1/../../../arm-none-eabi/lib/thumb/v6-m/nofp/libc_nano.a(libc_a-isattyr.o)
 .comment       0x00000026       0x27 /usr/lib/gcc/arm-none-eabi/13.2.1/../../../arm-none-eabi/lib/thumb/v6-m/nofp/libc_nano.a(libc_a-sbrkr.o)
 .comment       0x00000026       0x27 /usr/lib/gcc/arm-none-eabi/13.2.1/../../../arm-none-eabi/lib/thumb/v6-m/nofp/libc_nano.a(libc_a-stdio.o)
 .comment       0x00000026       0x27 /usr/lib/gcc/arm-none-eabi/13.2.1/../../../arm-none-eabi/lib/thumb/v6-m/nofp/libc_nano.a(libc_a-msizer.o)
 .comment       0x00000026       0x27 /usr/lib/gcc/arm-none-eabi/13.2.1/../../../arm-none-eabi/lib/thumb/v6-m/nofp/libc_nano.a(libc_a-closer.o)
 .comment       0x00000026       0x27 /usr/lib/gcc/arm-none-eabi/13.2.1/../../../arm-none-eabi/lib/thumb/v6-m/nofp/libc_nano.a(libc_a-readr.o)
 .comment       0x00000026       0x27 /usr/lib/gcc/arm-none-eabi/13.2.1/../../../arm-none-eabi/lib/thumb/v6-m/nofp/libc_nano.a(libc_a-reent.o)
 .comment       0x00000026       0x27 /usr/lib/gcc/arm-none-eabi/13.2.1/../../../arm-none-eabi/lib/thumb/v6-m/nofp/libc_nano.a(libc_a-fstatr.o)
 .comment       0x00000026       0x27 /usr/lib/gcc/arm-none-eabi/13.2.1/../../../arm-none-eabi/lib/thumb/v6-m/nofp/libc_nano.a(libc_a-lseekr.o)
 .comment       0x00000026       0x27 /usr/lib/gcc/arm-none-eabi/13.2.1/../../../arm-none-eabi/lib/thumb/v6-m/nofp/libc_nano.a(libc_a-writer.o)
 .comment       0x00000026       0x27 /usr/lib/gcc/arm-none-eabi/13.2.1/thumb/v6-m/nofp/crtend.o

.debug_frame    0x00000000      0xa7c
 .debug_frame   0x00000000       0x20 /usr/lib/gcc/arm-none-eabi/13.2.1/thumb/v6-m/nofp/libgcc.a(_udivsi3.o)
 .debug_frame   0x00000020       0x20 /usr/lib/gcc/arm-none-eabi/13.2.1/thumb/v6-m/nofp/libgcc.a(_divsi3.o)
 .debug_frame   0x00000040       0x28 /usr/lib/gcc/arm-none-eabi/13.2.1/thumb/v6-m/nofp/libgcc.a(_fixunssfsi.o)
 .debug_frame   0x00000068       0x34 /usr/lib/gcc/arm-none-eabi/13.2.1/thumb/v6-m/nofp/libgcc.a(addsf3.o)
 .debug_frame   0x0000009c       0x38 /usr/lib/gcc/arm-none-eabi/13.2.1/thumb/v6-m/nofp/libgcc.a(divsf3.o)
 .debug_frame   0x000000d4       0x2c /usr/lib/gcc/arm-none-eabi/13.2.1/thumb/v6-m/nofp/libgcc.a(eqsf2.o)
 .debug_frame   0x00000100       0x2c /usr/lib/gcc/arm-none-eabi/13.2.1/thumb/v6-m/nofp/libgcc.a(gesf2.o)
 .debug_frame   0x0000012c       0x2c /usr/lib/gcc/arm-none-eabi/13.2.1/thumb/v6-m/nofp/libgcc.a(lesf2.o)
 .debug_frame   0x00000158       0x38 /usr/lib/gcc/arm-none-eabi/13.2.1/thumb/v6-m/nofp/libgcc.a(mulsf3.o)
 .debug_frame   0x00000190       0x38 /usr/lib/gcc/arm-none-eabi/13.2.1/thumb/v6-m/nofp/libgcc.a(subsf3.o)
 .debug_frame   0x000001c8       0x20 /usr/lib/gcc/arm-none-eabi/13.2.1/thumb/v6-m/nofp/libgcc.a(fixsfsi.o)
 .debug_frame   0x000001e8       0x2c /usr/lib/gcc/arm-none-eabi/13.2.1/thumb/v6-m/nofp/libgcc.a(floatsisf.o)
 .debug_frame   0x00000214       0x40 /usr/lib/gcc/arm-none-eabi/13.2.1/../../../arm-none-eabi/lib/thumb/v6-m/nofp/libc_nano.a(libc_a-itoa.o)
 .debug_frame   0x00000254       0x50 /usr/lib/gcc/arm-none-eabi/13.2.1/../../../arm-none-eabi/lib/thumb/v6-m/nofp/libc_nano.a(libc_a-utoa.o)
 .debug_frame   0x000002a4       0x30 /usr/lib/gcc/arm-none-eabi/13.2.1/../../../arm-none-eabi/lib/thumb/v6-m/nofp/libc_nano.a(libc_a-memset.o)
 .debug_frame   0x000002d4       0x20 /usr/lib/gcc/arm-none-eabi/13.2.1/../../../arm-none-eabi/lib/thumb/v6-m/nofp/libc_nano.a(libc_a-errno.o)
 .debug_frame   0x000002f4       0x48 /usr/lib/gcc/arm-none-eabi/13.2.1/../../../arm-none-eabi/lib/thumb/v6-m/nofp/libc_nano.a(libc_a-printf.o)
 .debug_frame   0x0000033c       0xa4 /usr/lib/gcc/arm-none-eabi/13.2.1/../../../arm-none-eabi/lib/thumb/v6-m/nofp/libc_nano.a(libc_a-nano-vfprintf.o)
 .debug_frame   0x000003e0       0x48 /usr/lib/gcc/arm-none-eabi/13.2.1/../../../arm-none-eabi/lib/thumb/v6-m/nofp/libc_nano.a(libc_a-wbuf.o)
 .debug_frame   0x00000428       0x3c /usr/lib/gcc/arm-none-eabi/13.2.1/../../../arm-none-eabi/lib/thumb/v6-m/nofp/libc_nano.a(libc_a-fvwrite.o)
 .debug_frame   0x00000464      0x110 /usr/lib/gcc/arm-none-eabi/13.2.1/../../../arm-none-eabi/lib/thumb/v6-m/nofp/libc_nano.a(libc_a-findfp.o)
 .debug_frame   0x00000574       0x6c /usr/lib/gcc/arm-none-eabi/13.2.1/../../../arm-none-eabi/lib/thumb/v6-m/nofp/libc_nano.a(libc_a-fflush.o)
 .debug_frame   0x000005e0       0x54 /usr/lib/gcc/arm-none-eabi/13.2.1/../../../arm-none-eabi/lib/thumb/v6-m/nofp/libc_nano.a(libc_a-mallocr.o)
 .debug_frame   0x00000634       0x2c /usr/lib/gcc/arm-none-eabi/13.2.1/../../../arm-none-eabi/lib/thumb/v6-m/nofp/libc_nano.a(libc_a-freer.o)
 .debug_frame   0x00000660       0x30 /usr/lib/gcc/arm-none-eabi/13.2.1/../../../arm-none-eabi/lib/thumb/v6-m/nofp/libc_nano.a(libc_a-memmove.o)
 .debug_frame   0x00000690       0x38 /usr/lib/gcc/arm-none-eabi/13.2.1/../../../arm-none-eabi/lib/thumb/v6-m/nofp/libc_nano.a(libc_a-fwalk.o)
 .debug_frame   0x000006c8       0x2c /usr/lib/gcc/arm-none-eabi/13.2.1/../../../arm-none-eabi/lib/thumb/v6-m/nofp/libc_nano.a(libc_a-wsetup.o)
 .debug_frame   0x000006f4       0x34 /usr/lib/gcc/arm-none-eabi/13.2.1/../../../arm-none-eabi/lib/thumb/v6-m/nofp/libc_nano.a(libc_a-reallocr.o)
 .debug_frame   0x00000728       0x68 /usr/lib/gcc/arm-none-eabi/13.2.1/../../../arm-none-eabi/lib/thumb/v6-m/nofp/libc_nano.a(libc_a-nano-vfprintf_i.o)
 .debug_frame   0x00000790       0x30 /usr/lib/gcc/arm-none-eabi/13.2.1/../../../arm-none-eabi/lib/thumb/v6-m/nofp/libc_nano.a(libc_a-mlock.o)
 .debug_frame   0x000007c0       0x50 /usr/lib/gcc/arm-none-eabi/13.2.1/../../../arm-none-eabi/lib/thumb/v6-m/nofp/libc_nano.a(libc_a-makebuf.o)
 .debug_frame   0x00000810       0x2c /usr/lib/gcc/arm-none-eabi/13.2.1/../../../arm-none-eabi/lib/thumb/v6-m/nofp/libc_nano.a(libc_a-memchr-stub.o)
 .debug_frame   0x0000083c       0x30 /usr/lib/gcc/arm-none-eabi/13.2.1/../../../arm-none-eabi/lib/thumb/v6-m/nofp/libc_nano.a(libc_a-memcpy-stub.o)
 .debug_frame   0x0000086c       0x2c /usr/lib/gcc/arm-none-eabi/13.2.1/../../../arm-none-eabi/lib/thumb/v6-m/nofp/libc_nano.a(libc_a-isattyr.o)
 .debug_frame   0x00000898       0x2c /usr/lib/gcc/arm-none-eabi/13.2.1/../../../arm-none-eabi/lib/thumb/v6-m/nofp/libc_nano.a(libc_a-sbrkr.o)
 .debug_frame   0x000008c4       0x90 /usr/lib/gcc/arm-none-eabi/13.2.1/../../../arm-none-eabi/lib/thumb/v6-m/nofp/libc_nano.a(libc_a-stdio.o)
 .debug_frame   0x00000954       0x20 /usr/lib/gcc/arm-none-eabi/13.2.1/../../../arm-none-eabi/lib/thumb/v6-m/nofp/libc_nano.a(libc_a-msizer.o)
 .debug_frame   0x00000974       0x2c /usr/lib/gcc/arm-none-eabi/13.2.1/../../../arm-none-eabi/lib/thumb/v6-m/nofp/libc_nano.a(libc_a-closer.o)
 .debug_frame   0x000009a0       0x2c /usr/lib/gcc/arm-none-eabi/13.2.1/../../../arm-none-eabi/lib/thumb/v6-m/nofp/libc_nano.a(libc_a-readr.o)
 .debug_frame   0x000009cc       0x2c /usr/lib/gcc/arm-none-eabi/13.2.1/../../../arm-none-eabi/lib/thumb/v6-m/nofp/libc_nano.a(libc_a-reent.o)
 .debug_frame   0x000009f8       0x2c /usr/lib/gcc/arm-none-eabi/13.2.1/../../../arm-none-eabi/lib/thumb/v6-m/nofp/libc_nano.a(libc_a-fstatr.o)
 .debug_frame   0x00000a24       0x2c /usr/lib/gcc/arm-none-eabi/13.2.1/../../../arm-none-eabi/lib/thumb/v6-m/nofp/libc_nano.a(libc_a-lseekr.o)
 .debug_frame   0x00000a50       0x2c /usr/lib/gcc/arm-none-eabi/13.2.1/../../../arm-none-eabi/lib/thumb/v6-m/nofp/libc_nano.a(libc_a-writer.o)

.debug_line     0x00000000     0x806b
 .debug_line    0x00000000       0x56 /usr/lib/gcc/arm-none-eabi/13.2.1/thumb/v6-m/nofp/libgcc.a(_udivsi3.o)
 .debug_line    0x00000056       0x5d /usr/lib/gcc/arm-none-eabi/13.2.1/thumb/v6-m/nofp/libgcc.a(_divsi3.o)
 .debug_line    0x000000b3       0x4a /usr/lib/gcc/arm-none-eabi/13.2.1/thumb/v6-m/nofp/libgcc.a(_dvmd_tls.o)
 .debug_line    0x000000fd       0x5f /usr/lib/gcc/arm-none-eabi/13.2.1/thumb/v6-m/nofp/libgcc.a(_arm_cmpsf2.o)
 .debug_line    0x0000015c       0xb2 /usr/lib/gcc/arm-none-eabi/13.2.1/thumb/v6-m/nofp/libgcc.a(_fixunssfsi.o)
 .debug_line    0x0000020e      0xaa6 /usr/lib/gcc/arm-none-eabi/13.2.1/thumb/v6-m/nofp/libgcc.a(addsf3.o)
 .debug_line    0x00000cb4      0x61d /usr/lib/gcc/arm-none-eabi/13.2.1/thumb/v6-m/nofp/libgcc.a(divsf3.o)
 .debug_line    0x000012d1      0x177 /usr/lib/gcc/arm-none-eabi/13.2.1/thumb/v6-m/nofp/libgcc.a(eqsf2.o)
 .debug_line    0x00001448      0x22f /usr/lib/gcc/arm-none-eabi/13.2.1/thumb/v6-m/nofp/libgcc.a(gesf2.o)
 .debug_line    0x00001677      0x218 /usr/lib/gcc/arm-none-eabi/13.2.1/thumb/v6-m/nofp/libgcc.a(lesf2.o)
 .debug_line    0x0000188f      0x5bf /usr/lib/gcc/arm-none-eabi/13.2.1/thumb/v6-m/nofp/libgcc.a(mulsf3.o)
 .debug_line    0x00001e4e      0xc19 /usr/lib/gcc/arm-none-eabi/13.2.1/thumb/v6-m/nofp/libgcc.a(subsf3.o)
 .debug_line    0x00002a67      0x14a /usr/lib/gcc/arm-none-eabi/13.2.1/thumb/v6-m/nofp/libgcc.a(fixsfsi.o)
 .debug_line    0x00002bb1      0x214 /usr/lib/gcc/arm-none-eabi/13.2.1/thumb/v6-m/nofp/libgcc.a(floatsisf.o)
 .debug_line    0x00002dc5       0x5e /usr/lib/gcc/arm-none-eabi/13.2.1/thumb/v6-m/nofp/libgcc.a(_clzsi2.o)
 .debug_line    0x00002e23      0x18b /usr/lib/gcc/arm-none-eabi/13.2.1/../../../arm-none-eabi/lib/thumb/v6-m/nofp/libc_nano.a(libc_a-itoa.o)
 .debug_line    0x00002fae      0x16e /usr/lib/gcc/arm-none-eabi/13.2.1/../../../arm-none-eabi/lib/thumb/v6-m/nofp/libc_nano.a(libc_a-utoa.o)
 .debug_line    0x0000311c      0x1bd /usr/lib/gcc/arm-none-eabi/13.2.1/../../../arm-none-eabi/lib/thumb/v6-m/nofp/libc_nano.a(libc_a-memset.o)
 .debug_line    0x000032d9      0x116 /usr/lib/gcc/arm-none-eabi/13.2.1/../../../arm-none-eabi/lib/thumb/v6-m/nofp/libc_nano.a(libc_a-errno.o)
 .debug_line    0x000033ef      0x1b9 /usr/lib/gcc/arm-none-eabi/13.2.1/../../../arm-none-eabi/lib/thumb/v6-m/nofp/libc_nano.a(libc_a-printf.o)
 .debug_line    0x000035a8      0x678 /usr/lib/gcc/arm-none-eabi/13.2.1/../../../arm-none-eabi/lib/thumb/v6-m/nofp/libc_nano.a(libc_a-nano-vfprintf.o)
 .debug_line    0x00003c20      0x267 /usr/lib/gcc/arm-none-eabi/13.2.1/../../../arm-none-eabi/lib/thumb/v6-m/nofp/libc_nano.a(libc_a-wbuf.o)
 .debug_line    0x00003e87       0xe7 /usr/lib/gcc/arm-none-eabi/13.2.1/../../../arm-none-eabi/lib/thumb/v6-m/nofp/libc_nano.a(libc_a-impure.o)
 .debug_line    0x00003f6e      0x615 /usr/lib/gcc/arm-none-eabi/13.2.1/../../../arm-none-eabi/lib/thumb/v6-m/nofp/libc_nano.a(libc_a-fvwrite.o)
 .debug_line    0x00004583      0x58a /usr/lib/gcc/arm-none-eabi/13.2.1/../../../arm-none-eabi/lib/thumb/v6-m/nofp/libc_nano.a(libc_a-findfp.o)
 .debug_line    0x00004b0d      0x46a /usr/lib/gcc/arm-none-eabi/13.2.1/../../../arm-none-eabi/lib/thumb/v6-m/nofp/libc_nano.a(libc_a-fflush.o)
 .debug_line    0x00004f77      0x456 /usr/lib/gcc/arm-none-eabi/13.2.1/../../../arm-none-eabi/lib/thumb/v6-m/nofp/libc_nano.a(libc_a-mallocr.o)
 .debug_line    0x000053cd      0x2d9 /usr/lib/gcc/arm-none-eabi/13.2.1/../../../arm-none-eabi/lib/thumb/v6-m/nofp/libc_nano.a(libc_a-freer.o)
 .debug_line    0x000056a6      0x1f5 /usr/lib/gcc/arm-none-eabi/13.2.1/../../../arm-none-eabi/lib/thumb/v6-m/nofp/libc_nano.a(libc_a-memmove.o)
 .debug_line    0x0000589b      0x1b2 /usr/lib/gcc/arm-none-eabi/13.2.1/../../../arm-none-eabi/lib/thumb/v6-m/nofp/libc_nano.a(libc_a-fwalk.o)
 .debug_line    0x00005a4d      0x2a8 /usr/lib/gcc/arm-none-eabi/13.2.1/../../../arm-none-eabi/lib/thumb/v6-m/nofp/libc_nano.a(libc_a-wsetup.o)
 .debug_line    0x00005cf5      0x1f4 /usr/lib/gcc/arm-none-eabi/13.2.1/../../../arm-none-eabi/lib/thumb/v6-m/nofp/libc_nano.a(libc_a-reallocr.o)
 .debug_line    0x00005ee9      0x74e /usr/lib/gcc/arm-none-eabi/13.2.1/../../../arm-none-eabi/lib/thumb/v6-m/nofp/libc_nano.a(libc_a-nano-vfprintf_i.o)
 .debug_line    0x00006637      0x153 /usr/lib/gcc/arm-none-eabi/13.2.1/../../../arm-none-eabi/lib/thumb/v6-m/nofp/libc_nano.a(libc_a-mlock.o)
 .debug_line    0x0000678a      0x381 /usr/lib/gcc/arm-none-eabi/13.2.1/../../../arm-none-eabi/lib/thumb/v6-m/nofp/libc_nano.a(libc_a-makebuf.o)
 .debug_line    0x00006b0b      0x1de /usr/lib/gcc/arm-none-eabi/13.2.1/../../../arm-none-eabi/lib/thumb/v6-m/nofp/libc_nano.a(libc_a-memchr-stub.o)
 .debug_line    0x00006ce9      0x1e7 /usr/lib/gcc/arm-none-eabi/13.2.1/../../../arm-none-eabi/lib/thumb/v6-m/nofp/libc_nano.a(libc_a-memcpy-stub.o)
 .debug_line    0x00006ed0      0x194 /usr/lib/gcc/arm-none-eabi/13.2.1/../../../arm-none-eabi/lib/thumb/v6-m/nofp/libc_nano.a(libc_a-isattyr.o)
 .debug_line    0x00007064      0x193 /usr/lib/gcc/arm-none-eabi/13.2.1/../../../arm-none-eabi/lib/thumb/v6-m/nofp/libc_nano.a(libc_a-sbrkr.o)
 .debug_line    0x000071f7      0x238 /usr/lib/gcc/arm-none-eabi/13.2.1/../../../arm-none-eabi/lib/thumb/v6-m/nofp/libc_nano.a(libc_a-stdio.o)
 .debug_line    0x0000742f      0x178 /usr/lib/gcc/arm-none-eabi/13.2.1/../../../arm-none-eabi/lib/thumb/v6-m/nofp/libc_nano.a(libc_a-msizer.o)
 .debug_line    0x000075a7      0x193 /usr/lib/gcc/arm-none-eabi/13.2.1/../../../arm-none-eabi/lib/thumb/v6-m/nofp/libc_nano.a(libc_a-closer.o)
 .debug_line    0x0000773a      0x18d /usr/lib/gcc/arm-none-eabi/13.2.1/../../../arm-none-eabi/lib/thumb/v6-m/nofp/libc_nano.a(libc_a-readr.o)
 .debug_line    0x000078c7      0x273 /usr/lib/gcc/arm-none-eabi/13.2.1/../../../arm-none-eabi/lib/thumb/v6-m/nofp/libc_nano.a(libc_a-reent.o)
 .debug_line    0x00007b3a      0x215 /usr/lib/gcc/arm-none-eabi/13.2.1/../../../arm-none-eabi/lib/thumb/v6-m/nofp/libc_nano.a(libc_a-fstatr.o)
 .debug_line    0x00007d4f      0x18e /usr/lib/gcc/arm-none-eabi/13.2.1/../../../arm-none-eabi/lib/thumb/v6-m/nofp/libc_nano.a(libc_a-lseekr.o)
 .debug_line    0x00007edd      0x18e /usr/lib/gcc/arm-none-eabi/13.2.1/../../../arm-none-eabi/lib/thumb/v6-m/nofp/libc_nano.a(libc_a-writer.o)

.debug_line_str
                0x00000000       0xa3
 .debug_line_str
                0x00000000       0xa3 /usr/lib/gcc/arm-none-eabi/13.2.1/thumb/v6-m/nofp/libgcc.a(_udivsi3.o)
                                 0x97 (size before relaxing)
 .debug_line_str
                0x000000a3       0x97 /usr/lib/gcc/arm-none-eabi/13.2.1/thumb/v6-m/nofp/libgcc.a(_divsi3.o)
 .debug_line_str
                0x000000a3       0x97 /usr/lib/gcc/arm-none-eabi/13.2.1/thumb/v6-m/nofp/libgcc.a(_dvmd_tls.o)
 .debug_line_str
                0x000000a3       0x97 /usr/lib/gcc/arm-none-eabi/13.2.1/thumb/v6-m/nofp/libgcc.a(_arm_cmpsf2.o)
 .debug_line_str
                0x000000a3       0x97 /usr/lib/gcc/arm-none-eabi/13.2.1/thumb/v6-m/nofp/libgcc.a(_clzsi2.o)

.debug_info     0x00000000    0x114ab
 .debug_info    0x00000000       0x3e /usr/lib/gcc/arm-none-eabi/13.2.1/thumb/v6-m/nofp/libgcc.a(_udivsi3.o)
 .debug_info    0x0000003e       0x3e /usr/lib/gcc/arm-none-eabi/13.2.1/thumb/v6-m/nofp/libgcc.a(_divsi3.o)
 .debug_info    0x0000007c       0x3c /usr/lib/gcc/arm-none-eabi/13.2.1/thumb/v6-m/nofp/libgcc.a(_dvmd_tls.o)
 .debug_info    0x000000b8       0x7e /usr/lib/gcc/arm-none-eabi/13.2.1/thumb/v6-m/nofp/libgcc.a(_arm_cmpsf2.o)
 .debug_info    0x00000136      0x330 /usr/lib/gcc/arm-none-eabi/13.2.1/thumb/v6-m/nofp/libgcc.a(_fixunssfsi.o)
 .debug_info    0x00000466      0x316 /usr/lib/gcc/arm-none-eabi/13.2.1/thumb/v6-m/nofp/libgcc.a(addsf3.o)
 .debug_info    0x0000077c      0x33b /usr/lib/gcc/arm-none-eabi/13.2.1/thumb/v6-m/nofp/libgcc.a(divsf3.o)
 .debug_info    0x00000ab7      0x20b /usr/lib/gcc/arm-none-eabi/13.2.1/thumb/v6-m/nofp/libgcc.a(eqsf2.o)
 .debug_info    0x00000cc2      0x21f /usr/lib/gcc/arm-none-eabi/13.2.1/thumb/v6-m/nofp/libgcc.a(gesf2.o)
 .debug_info    0x00000ee1      0x21f /usr/lib/gcc/arm-none-eabi/13.2.1/thumb/v6-m/nofp/libgcc.a(lesf2.o)
 .debug_info    0x00001100      0x3ad /usr/lib/gcc/arm-none-eabi/13.2.1/thumb/v6-m/nofp/libgcc.a(mulsf3.o)
 .debug_info    0x000014ad      0x31f /usr/lib/gcc/arm-none-eabi/13.2.1/thumb/v6-m/nofp/libgcc.a(subsf3.o)
 .debug_info    0x000017cc      0x1a8 /usr/lib/gcc/arm-none-eabi/13.2.1/thumb/v6-m/nofp/libgcc.a(fixsfsi.o)
 .debug_info    0x00001974      0x22e /usr/lib/gcc/arm-none-eabi/13.2.1/thumb/v6-m/nofp/libgcc.a(floatsisf.o)
 .debug_info    0x00001ba2       0x31 /usr/lib/gcc/arm-none-eabi/13.2.1/thumb/v6-m/nofp/libgcc.a(_clzsi2.o)
 .debug_info    0x00001bd3      0x1fa /usr/lib/gcc/arm-none-eabi/13.2.1/../../../arm-none-eabi/lib/thumb/v6-m/nofp/libc_nano.a(libc_a-itoa.o)
 .debug_info    0x00001dcd      0x1d2 /usr/lib/gcc/arm-none-eabi/13.2.1/../../../arm-none-eabi/lib/thumb/v6-m/nofp/libc_nano.a(libc_a-utoa.o)
 .debug_info    0x00001f9f      0x135 /usr/lib/gcc/arm-none-eabi/13.2.1/../../../arm-none-eabi/lib/thumb/v6-m/nofp/libc_nano.a(libc_a-memset.o)
 .debug_info    0x000020d4      0x6f1 /usr/lib/gcc/arm-none-eabi/13.2.1/../../../arm-none-eabi/lib/thumb/v6-m/nofp/libc_nano.a(libc_a-errno.o)
 .debug_info    0x000027c5      0x837 /usr/lib/gcc/arm-none-eabi/13.2.1/../../../arm-none-eabi/lib/thumb/v6-m/nofp/libc_nano.a(libc_a-printf.o)
 .debug_info    0x00002ffc     0x10b5 /usr/lib/gcc/arm-none-eabi/13.2.1/../../../arm-none-eabi/lib/thumb/v6-m/nofp/libc_nano.a(libc_a-nano-vfprintf.o)
 .debug_info    0x000040b1      0x863 /usr/lib/gcc/arm-none-eabi/13.2.1/../../../arm-none-eabi/lib/thumb/v6-m/nofp/libc_nano.a(libc_a-wbuf.o)
 .debug_info    0x00004914      0x70b /usr/lib/gcc/arm-none-eabi/13.2.1/../../../arm-none-eabi/lib/thumb/v6-m/nofp/libc_nano.a(libc_a-impure.o)
 .debug_info    0x0000501f      0xb2c /usr/lib/gcc/arm-none-eabi/13.2.1/../../../arm-none-eabi/lib/thumb/v6-m/nofp/libc_nano.a(libc_a-fvwrite.o)
 .debug_info    0x00005b4b      0xe8d /usr/lib/gcc/arm-none-eabi/13.2.1/../../../arm-none-eabi/lib/thumb/v6-m/nofp/libc_nano.a(libc_a-findfp.o)
 .debug_info    0x000069d8      0xa46 /usr/lib/gcc/arm-none-eabi/13.2.1/../../../arm-none-eabi/lib/thumb/v6-m/nofp/libc_nano.a(libc_a-fflush.o)
 .debug_info    0x0000741e      0x9bb /usr/lib/gcc/arm-none-eabi/13.2.1/../../../arm-none-eabi/lib/thumb/v6-m/nofp/libc_nano.a(libc_a-mallocr.o)
 .debug_info    0x00007dd9      0x86a /usr/lib/gcc/arm-none-eabi/13.2.1/../../../arm-none-eabi/lib/thumb/v6-m/nofp/libc_nano.a(libc_a-freer.o)
 .debug_info    0x00008643      0x148 /usr/lib/gcc/arm-none-eabi/13.2.1/../../../arm-none-eabi/lib/thumb/v6-m/nofp/libc_nano.a(libc_a-memmove.o)
 .debug_info    0x0000878b      0x7c8 /usr/lib/gcc/arm-none-eabi/13.2.1/../../../arm-none-eabi/lib/thumb/v6-m/nofp/libc_nano.a(libc_a-fwalk.o)
 .debug_info    0x00008f53      0x7b1 /usr/lib/gcc/arm-none-eabi/13.2.1/../../../arm-none-eabi/lib/thumb/v6-m/nofp/libc_nano.a(libc_a-wsetup.o)
 .debug_info    0x00009704      0x8ec /usr/lib/gcc/arm-none-eabi/13.2.1/../../../arm-none-eabi/lib/thumb/v6-m/nofp/libc_nano.a(libc_a-reallocr.o)
 .debug_info    0x00009ff0      0xde9 /usr/lib/gcc/arm-none-eabi/13.2.1/../../../arm-none-eabi/lib/thumb/v6-m/nofp/libc_nano.a(libc_a-nano-vfprintf_i.o)
 .debug_info    0x0000add9      0x71c /usr/lib/gcc/arm-none-eabi/13.2.1/../../../arm-none-eabi/lib/thumb/v6-m/nofp/libc_nano.a(libc_a-mlock.o)
 .debug_info    0x0000b4f5      0xbe5 /usr/lib/gcc/arm-none-eabi/13.2.1/../../../arm-none-eabi/lib/thumb/v6-m/nofp/libc_nano.a(libc_a-makebuf.o)
 .debug_info    0x0000c0da      0x14a /usr/lib/gcc/arm-none-eabi/13.2.1/../../../arm-none-eabi/lib/thumb/v6-m/nofp/libc_nano.a(libc_a-memchr-stub.o)
 .debug_info    0x0000c224      0x152 /usr/lib/gcc/arm-none-eabi/13.2.1/../../../arm-none-eabi/lib/thumb/v6-m/nofp/libc_nano.a(libc_a-memcpy-stub.o)
 .debug_info    0x0000c376      0x752 /usr/lib/gcc/arm-none-eabi/13.2.1/../../../arm-none-eabi/lib/thumb/v6-m/nofp/libc_nano.a(libc_a-isattyr.o)
 .debug_info    0x0000cac8      0x778 /usr/lib/gcc/arm-none-eabi/13.2.1/../../../arm-none-eabi/lib/thumb/v6-m/nofp/libc_nano.a(libc_a-sbrkr.o)
 .debug_info    0x0000d240      0xa72 /usr/lib/gcc/arm-none-eabi/13.2.1/../../../arm-none-eabi/lib/thumb/v6-m/nofp/libc_nano.a(libc_a-stdio.o)
 .debug_info    0x0000dcb2      0x78a /usr/lib/gcc/arm-none-eabi/13.2.1/../../../arm-none-eabi/lib/thumb/v6-m/nofp/libc_nano.a(libc_a-msizer.o)
 .debug_info    0x0000e43c      0x752 /usr/lib/gcc/arm-none-eabi/13.2.1/../../../arm-none-eabi/lib/thumb/v6-m/nofp/libc_nano.a(libc_a-closer.o)
 .debug_info    0x0000eb8e      0x7b5 /usr/lib/gcc/arm-none-eabi/13.2.1/../../../arm-none-eabi/lib/thumb/v6-m/nofp/libc_nano.a(libc_a-readr.o)
 .debug_info    0x0000f343      0x898 /usr/lib/gcc/arm-none-eabi/13.2.1/../../../arm-none-eabi/lib/thumb/v6-m/nofp/libc_nano.a(libc_a-reent.o)
 .debug_info    0x0000fbdb      0x977 /usr/lib/gcc/arm-none-eabi/13.2.1/../../../arm-none-eabi/lib/thumb/v6-m/nofp/libc_nano.a(libc_a-fstatr.o)
 .debug_info    0x00010552      0x79e /usr/lib/gcc/arm-none-eabi/13.2.1/../../../arm-none-eabi/lib/thumb/v6-m/nofp/libc_nano.a(libc_a-lseekr.o)
 .debug_info    0x00010cf0      0x7bb /usr/lib/gcc/arm-none-eabi/13.2.1/../../../arm-none-eabi/lib/thumb/v6-m/nofp/libc_nano.a(libc_a-writer.o)

.debug_abbrev   0x00000000     0x48ba
 .debug_abbrev  0x00000000       0x28 /usr/lib/gcc/arm-none-eabi/13.2.1/thumb/v6-m/nofp/libgcc.a(_udivsi3.o)
 .debug_abbrev  0x00000028       0x28 /usr/lib/gcc/arm-none-eabi/13.2.1/thumb/v6-m/nofp/libgcc.a(_divsi3.o)
 .debug_abbrev  0x00000050       0x26 /usr/lib/gcc/arm-none-eabi/13.2.1/thumb/v6-m/nofp/libgcc.a(_dvmd_tls.o)
 .debug_abbrev  0x00000076       0x28 /usr/lib/gcc/arm-none-eabi/13.2.1/thumb/v6-m/nofp/libgcc.a(_arm_cmpsf2.o)
 .debug_abbrev  0x0000009e       0xed /usr/lib/gcc/arm-none-eabi/13.2.1/thumb/v6-m/nofp/libgcc.a(_fixunssfsi.o)
 .debug_abbrev  0x0000018b      0x15c /usr/lib/gcc/arm-none-eabi/13.2.1/thumb/v6-m/nofp/libgcc.a(addsf3.o)
 .debug_abbrev  0x000002e7      0x153 /usr/lib/gcc/arm-none-eabi/13.2.1/thumb/v6-m/nofp/libgcc.a(divsf3.o)
 .debug_abbrev  0x0000043a      0x141 /usr/lib/gcc/arm-none-eabi/13.2.1/thumb/v6-m/nofp/libgcc.a(eqsf2.o)
 .debug_abbrev  0x0000057b      0x15a /usr/lib/gcc/arm-none-eabi/13.2.1/thumb/v6-m/nofp/libgcc.a(gesf2.o)
 .debug_abbrev  0x000006d5      0x15a /usr/lib/gcc/arm-none-eabi/13.2.1/thumb/v6-m/nofp/libgcc.a(lesf2.o)
 .debug_abbrev  0x0000082f      0x164 /usr/lib/gcc/arm-none-eabi/13.2.1/thumb/v6-m/nofp/libgcc.a(mulsf3.o)
 .debug_abbrev  0x00000993      0x15c /usr/lib/gcc/arm-none-eabi/13.2.1/thumb/v6-m/nofp/libgcc.a(subsf3.o)
 .debug_abbrev  0x00000aef      0x154 /usr/lib/gcc/arm-none-eabi/13.2.1/thumb/v6-m/nofp/libgcc.a(fixsfsi.o)
 .debug_abbrev  0x00000c43      0x170 /usr/lib/gcc/arm-none-eabi/13.2.1/thumb/v6-m/nofp/libgcc.a(floatsisf.o)
 .debug_abbrev  0x00000db3       0x28 /usr/lib/gcc/arm-none-eabi/13.2.1/thumb/v6-m/nofp/libgcc.a(_clzsi2.o)
 .debug_abbrev  0x00000ddb      0x137 /usr/lib/gcc/arm-none-eabi/13.2.1/../../../arm-none-eabi/lib/thumb/v6-m/nofp/libc_nano.a(libc_a-itoa.o)
 .debug_abbrev  0x00000f12       0xf8 /usr/lib/gcc/arm-none-eabi/13.2.1/../../../arm-none-eabi/lib/thumb/v6-m/nofp/libc_nano.a(libc_a-utoa.o)
 .debug_abbrev  0x0000100a       0xb7 /usr/lib/gcc/arm-none-eabi/13.2.1/../../../arm-none-eabi/lib/thumb/v6-m/nofp/libc_nano.a(libc_a-memset.o)
 .debug_abbrev  0x000010c1      0x15e /usr/lib/gcc/arm-none-eabi/13.2.1/../../../arm-none-eabi/lib/thumb/v6-m/nofp/libc_nano.a(libc_a-errno.o)
 .debug_abbrev  0x0000121f      0x21a /usr/lib/gcc/arm-none-eabi/13.2.1/../../../arm-none-eabi/lib/thumb/v6-m/nofp/libc_nano.a(libc_a-printf.o)
 .debug_abbrev  0x00001439      0x34e /usr/lib/gcc/arm-none-eabi/13.2.1/../../../arm-none-eabi/lib/thumb/v6-m/nofp/libc_nano.a(libc_a-nano-vfprintf.o)
 .debug_abbrev  0x00001787      0x22a /usr/lib/gcc/arm-none-eabi/13.2.1/../../../arm-none-eabi/lib/thumb/v6-m/nofp/libc_nano.a(libc_a-wbuf.o)
 .debug_abbrev  0x000019b1      0x149 /usr/lib/gcc/arm-none-eabi/13.2.1/../../../arm-none-eabi/lib/thumb/v6-m/nofp/libc_nano.a(libc_a-impure.o)
 .debug_abbrev  0x00001afa      0x23a /usr/lib/gcc/arm-none-eabi/13.2.1/../../../arm-none-eabi/lib/thumb/v6-m/nofp/libc_nano.a(libc_a-fvwrite.o)
 .debug_abbrev  0x00001d34      0x3f2 /usr/lib/gcc/arm-none-eabi/13.2.1/../../../arm-none-eabi/lib/thumb/v6-m/nofp/libc_nano.a(libc_a-findfp.o)
 .debug_abbrev  0x00002126      0x2d1 /usr/lib/gcc/arm-none-eabi/13.2.1/../../../arm-none-eabi/lib/thumb/v6-m/nofp/libc_nano.a(libc_a-fflush.o)
 .debug_abbrev  0x000023f7      0x241 /usr/lib/gcc/arm-none-eabi/13.2.1/../../../arm-none-eabi/lib/thumb/v6-m/nofp/libc_nano.a(libc_a-mallocr.o)
 .debug_abbrev  0x00002638      0x238 /usr/lib/gcc/arm-none-eabi/13.2.1/../../../arm-none-eabi/lib/thumb/v6-m/nofp/libc_nano.a(libc_a-freer.o)
 .debug_abbrev  0x00002870       0xc3 /usr/lib/gcc/arm-none-eabi/13.2.1/../../../arm-none-eabi/lib/thumb/v6-m/nofp/libc_nano.a(libc_a-memmove.o)
 .debug_abbrev  0x00002933      0x19b /usr/lib/gcc/arm-none-eabi/13.2.1/../../../arm-none-eabi/lib/thumb/v6-m/nofp/libc_nano.a(libc_a-fwalk.o)
 .debug_abbrev  0x00002ace      0x1e2 /usr/lib/gcc/arm-none-eabi/13.2.1/../../../arm-none-eabi/lib/thumb/v6-m/nofp/libc_nano.a(libc_a-wsetup.o)
 .debug_abbrev  0x00002cb0      0x209 /usr/lib/gcc/arm-none-eabi/13.2.1/../../../arm-none-eabi/lib/thumb/v6-m/nofp/libc_nano.a(libc_a-reallocr.o)
 .debug_abbrev  0x00002eb9      0x294 /usr/lib/gcc/arm-none-eabi/13.2.1/../../../arm-none-eabi/lib/thumb/v6-m/nofp/libc_nano.a(libc_a-nano-vfprintf_i.o)
 .debug_abbrev  0x0000314d      0x192 /usr/lib/gcc/arm-none-eabi/13.2.1/../../../arm-none-eabi/lib/thumb/v6-m/nofp/libc_nano.a(libc_a-mlock.o)
 .debug_abbrev  0x000032df      0x29d /usr/lib/gcc/arm-none-eabi/13.2.1/../../../arm-none-eabi/lib/thumb/v6-m/nofp/libc_nano.a(libc_a-makebuf.o)
 .debug_abbrev  0x0000357c       0xc7 /usr/lib/gcc/arm-none-eabi/13.2.1/../../../arm-none-eabi/lib/thumb/v6-m/nofp/libc_nano.a(libc_a-memchr-stub.o)
 .debug_abbrev  0x00003643       0xca /usr/lib/gcc/arm-none-eabi/13.2.1/../../../arm-none-eabi/lib/thumb/v6-m/nofp/libc_nano.a(libc_a-memcpy-stub.o)
 .debug_abbrev  0x0000370d      0x1b0 /usr/lib/gcc/arm-none-eabi/13.2.1/../../../arm-none-eabi/lib/thumb/v6-m/nofp/libc_nano.a(libc_a-isattyr.o)
 .debug_abbrev  0x000038bd      0x1da /usr/lib/gcc/arm-none-eabi/13.2.1/../../../arm-none-eabi/lib/thumb/v6-m/nofp/libc_nano.a(libc_a-sbrkr.o)
 .debug_abbrev  0x00003a97      0x206 /usr/lib/gcc/arm-none-eabi/13.2.1/../../../arm-none-eabi/lib/thumb/v6-m/nofp/libc_nano.a(libc_a-stdio.o)
 .debug_abbrev  0x00003c9d      0x196 /usr/lib/gcc/arm-none-eabi/13.2.1/../../../arm-none-eabi/lib/thumb/v6-m/nofp/libc_nano.a(libc_a-msizer.o)
 .debug_abbrev  0x00003e33      0x1b0 /usr/lib/gcc/arm-none-eabi/13.2.1/../../../arm-none-eabi/lib/thumb/v6-m/nofp/libc_nano.a(libc_a-closer.o)
 .debug_abbrev  0x00003fe3      0x1b0 /usr/lib/gcc/arm-none-eabi/13.2.1/../../../arm-none-eabi/lib/thumb/v6-m/nofp/libc_nano.a(libc_a-readr.o)
 .debug_abbrev  0x00004193      0x1eb /usr/lib/gcc/arm-none-eabi/13.2.1/../../../arm-none-eabi/lib/thumb/v6-m/nofp/libc_nano.a(libc_a-reent.o)
 .debug_abbrev  0x0000437e      0x1c3 /usr/lib/gcc/arm-none-eabi/13.2.1/../../../arm-none-eabi/lib/thumb/v6-m/nofp/libc_nano.a(libc_a-fstatr.o)
 .debug_abbrev  0x00004541      0x1c4 /usr/lib/gcc/arm-none-eabi/13.2.1/../../../arm-none-eabi/lib/thumb/v6-m/nofp/libc_nano.a(libc_a-lseekr.o)
 .debug_abbrev  0x00004705      0x1b5 /usr/lib/gcc/arm-none-eabi/13.2.1/../../../arm-none-eabi/lib/thumb/v6-m/nofp/libc_nano.a(libc_a-writer.o)

.debug_aranges  0x00000000      0x5d8
 .debug_aranges
                0x00000000       0x20 /usr/lib/gcc/arm-none-eabi/13.2.1/thumb/v6-m/nofp/libgcc.a(_udivsi3.o)
 .debug_aranges
                0x00000020       0x20 /usr/lib/gcc/arm-none-eabi/13.2.1/thumb/v6-m/nofp/libgcc.a(_divsi3.o)
 .debug_aranges
                0x00000040       0x20 /usr/lib/gcc/arm-none-eabi/13.2.1/thumb/v6-m/nofp/libgcc.a(_dvmd_tls.o)
 .debug_aranges
                0x00000060       0x20 /usr/lib/gcc/arm-none-eabi/13.2.1/thumb/v6-m/nofp/libgcc.a(_arm_cmpsf2.o)
 .debug_aranges
                0x00000080       0x20 /usr/lib/gcc/arm-none-eabi/13.2.1/thumb/v6-m/nofp/libgcc.a(_fixunssfsi.o)
 .debug_aranges
                0x000000a0       0x20 /usr/lib/gcc/arm-none-eabi/13.2.1/thumb/v6-m/nofp/libgcc.a(addsf3.o)
 .debug_aranges
                0x000000c0       0x20 /usr/lib/gcc/arm-none-eabi/13.2.1/thumb/v6-m/nofp/libgcc.a(divsf3.o)
 .debug_aranges
                0x000000e0       0x20 /usr/lib/gcc/arm-none-eabi/13.2.1/thumb/v6-m/nofp/libgcc.a(eqsf2.o)
 .debug_aranges
                0x00000100       0x20 /usr/lib/gcc/arm-none-eabi/13.2.1/thumb/v6-m/nofp/libgcc.a(gesf2.o)
 .debug_aranges
                0x00000120       0x20 /usr/lib/gcc/arm-none-eabi/13.2.1/thumb/v6-m/nofp/libgcc.a(lesf2.o)
 .debug_aranges
                0x00000140       0x20 /usr/lib/gcc/arm-none-eabi/13.2.1/thumb/v6-m/nofp/libgcc.a(mulsf3.o)
 .debug_aranges
                0x00000160       0x20 /usr/lib/gcc/arm-none-eabi/13.2.1/thumb/v6-m/nofp/libgcc.a(subsf3.o)
 .debug_aranges
                0x00000180       0x20 /usr/lib/gcc/arm-none-eabi/13.2.1/thumb/v6-m/nofp/libgcc.a(fixsfsi.o)
 .debug_aranges
                0x000001a0       0x20 /usr/lib/gcc/arm-none-eabi/13.2.1/thumb/v6-m/nofp/libgcc.a(floatsisf.o)
 .debug_aranges
                0x000001c0       0x20 /usr/lib/gcc/arm-none-eabi/13.2.1/thumb/v6-m/nofp/libgcc.a(_clzsi2.o)
 .debug_aranges
                0x000001e0       0x20 /usr/lib/gcc/arm-none-eabi/13.2.1/../../../arm-none-eabi/lib/thumb/v6-m/nofp/libc_nano.a(libc_a-itoa.o)
 .debug_aranges
                0x00000200       0x20 /usr/lib/gcc/arm-none-eabi/13.2.1/../../../arm-none-eabi/lib/thumb/v6-m/nofp/libc_nano.a(libc_a-utoa.o)
 .debug_aranges
                0x00000220       0x20 /usr/lib/gcc/arm-none-eabi/13.2.1/../../../arm-none-eabi/lib/thumb/v6-m/nofp/libc_nano.a(libc_a-memset.o)
 .debug_aranges
                0x00000240       0x20 /usr/lib/gcc/arm-none-eabi/13.2.1/../../../arm-none-eabi/lib/thumb/v6-m/nofp/libc_nano.a(libc_a-errno.o)
 .debug_aranges
                0x00000260       0x20 /usr/lib/gcc/arm-none-eabi/13.2.1/../../../arm-none-eabi/lib/thumb/v6-m/nofp/libc_nano.a(libc_a-printf.o)
 .debug_aranges
                0x00000280       0x20 /usr/lib/gcc/arm-none-eabi/13.2.1/../../../arm-none-eabi/lib/thumb/v6-m/nofp/libc_nano.a(libc_a-nano-vfprintf.o)
 .debug_aranges
                0x000002a0       0x20 /usr/lib/gcc/arm-none-eabi/13.2.1/../../../arm-none-eabi/lib/thumb/v6-m/nofp/libc_nano.a(libc_a-wbuf.o)
 .debug_aranges
                0x000002c0       0x18 /usr/lib/gcc/arm-none-eabi/13.2.1/../../../arm-none-eabi/lib/thumb/v6-m/nofp/libc_nano.a(libc_a-impure.o)
 .debug_aranges
                0x000002d8       0x20 /usr/lib/gcc/arm-none-eabi/13.2.1/../../../arm-none-eabi/lib/thumb/v6-m/nofp/libc_nano.a(libc_a-fvwrite.o)
 .debug_aranges
                0x000002f8       0x20 /usr/lib/gcc/arm-none-eabi/13.2.1/../../../arm-none-eabi/lib/thumb/v6-m/nofp/libc_nano.a(libc_a-findfp.o)
 .debug_aranges
                0x00000318       0x20 /usr/lib/gcc/arm-none-eabi/13.2.1/../../../arm-none-eabi/lib/thumb/v6-m/nofp/libc_nano.a(libc_a-fflush.o)
 .debug_aranges
                0x00000338       0x20 /usr/lib/gcc/arm-none-eabi/13.2.1/../../../arm-none-eabi/lib/thumb/v6-m/nofp/libc_nano.a(libc_a-mallocr.o)
 .debug_aranges
                0x00000358       0x20 /usr/lib/gcc/arm-none-eabi/13.2.1/../../../arm-none-eabi/lib/thumb/v6-m/nofp/libc_nano.a(libc_a-freer.o)
 .debug_aranges
                0x00000378       0x20 /usr/lib/gcc/arm-none-eabi/13.2.1/../../../arm-none-eabi/lib/thumb/v6-m/nofp/libc_nano.a(libc_a-memmove.o)
 .debug_aranges
                0x00000398       0x20 /usr/lib/gcc/arm-none-eabi/13.2.1/../../../arm-none-eabi/lib/thumb/v6-m/nofp/libc_nano.a(libc_a-fwalk.o)
 .debug_aranges
                0x000003b8       0x20 /usr/lib/gcc/arm-none-eabi/13.2.1/../../../arm-none-eabi/lib/thumb/v6-m/nofp/libc_nano.a(libc_a-wsetup.o)
 .debug_aranges
                0x000003d8       0x20 /usr/lib/gcc/arm-none-eabi/13.2.1/../../../arm-none-eabi/lib/thumb/v6-m/nofp/libc_nano.a(libc_a-reallocr.o)
 .debug_aranges
                0x000003f8       0x20 /usr/lib/gcc/arm-none-eabi/13.2.1/../../../arm-none-eabi/lib/thumb/v6-m/nofp/libc_nano.a(libc_a-nano-vfprintf_i.o)
 .debug_aranges
                0x00000418       0x20 /usr/lib/gcc/arm-none-eabi/13.2.1/../../../arm-none-eabi/lib/thumb/v6-m/nofp/libc_nano.a(libc_a-mlock.o)
 .debug_aranges
                0x00000438       0x20 /usr/lib/gcc/arm-none-eabi/13.2.1/../../../arm-none-eabi/lib/thumb/v6-m/nofp/libc_nano.a(libc_a-makebuf.o)
 .debug_aranges
                0x00000458       0x20 /usr/lib/gcc/arm-none-eabi/13.2.1/../../../arm-none-eabi/lib/thumb/v6-m/nofp/libc_nano.a(libc_a-memchr-stub.o)
 .debug_aranges
                0x00000478       0x20 /usr/lib/gcc/arm-none-eabi/13.2.1/../../../arm-none-eabi/lib/thumb/v6-m/nofp/libc_nano.a(libc_a-memcpy-stub.o)
 .debug_aranges
                0x00000498       0x20 /usr/lib/gcc/arm-none-eabi/13.2.1/../../../arm-none-eabi/lib/thumb/v6-m/nofp/libc_nano.a(libc_a-isattyr.o)
 .debug_aranges
                0x000004b8       0x20 /usr/lib/gcc/arm-none-eabi/13.2.1/../../../arm-none-eabi/lib/thumb/v6-m/nofp/libc_nano.a(libc_a-sbrkr.o)
 .debug_aranges
                0x000004d8       0x20 /usr/lib/gcc/arm-none-eabi/13.2.1/../../../arm-none-eabi/lib/thumb/v6-m/nofp/libc_nano.a(libc_a-stdio.o)
 .debug_aranges
                0x000004f8       0x20 /usr/lib/gcc/arm-none-eabi/13.2.1/../../../arm-none-eabi/lib/thumb/v6-m/nofp/libc_nano.a(libc_a-msizer.o)
 .debug_aranges
                0x00000518       0x20 /usr/lib/gcc/arm-none-eabi/13.2.1/../../../arm-none-eabi/lib/thumb/v6-m/nofp/libc_nano.a(libc_a-closer.o)
 .debug_aranges
                0x00000538       0x20 /usr/lib/gcc/arm-none-eabi/13.2.1/../../../arm-none-eabi/lib/thumb/v6-m/nofp/libc_nano.a(libc_a-readr.o)
 .debug_aranges
                0x00000558       0x20 /usr/lib/gcc/arm-none-eabi/13.2.1/../../../arm-none-eabi/lib/thumb/v6-m/nofp/libc_nano.a(libc_a-reent.o)
 .debug_aranges
                0x00000578       0x20 /usr/lib/gcc/arm-none-eabi/13.2.1/../../../arm-none-eabi/lib/thumb/v6-m/nofp/libc_nano.a(libc_a-fstatr.o)
 .debug_aranges
                0x00000598       0x20 /usr/lib/gcc/arm-none-eabi/13.2.1/../../../arm-none-eabi/lib/thumb/v6-m/nofp/libc_nano.a(libc_a-lseekr.o)
 .debug_aranges
                0x000005b8       0x20 /usr/lib/gcc/arm-none-eabi/13.2.1/../../../arm-none-eabi/lib/thumb/v6-m/nofp/libc_nano.a(libc_a-writer.o)

.debug_str      0x00000000     0x1d10
 .debug_str     0x00000000     0x1d10 /usr/lib/gcc/arm-none-eabi/13.2.1/thumb/v6-m/nofp/libgcc.a(_udivsi3.o)
                                 0xbe (size before relaxing)
 .debug_str     0x00001d10       0xbc /usr/lib/gcc/arm-none-eabi/13.2.1/thumb/v6-m/nofp/libgcc.a(_divsi3.o)
 .debug_str     0x00001d10       0xbf /usr/lib/gcc/arm-none-eabi/13.2.1/thumb/v6-m/nofp/libgcc.a(_dvmd_tls.o)
 .debug_str     0x00001d10      0x11f /usr/lib/gcc/arm-none-eabi/13.2.1/thumb/v6-m/nofp/libgcc.a(_arm_cmpsf2.o)
 .debug_str     0x00001d10      0x659 /usr/lib/gcc/arm-none-eabi/13.2.1/thumb/v6-m/nofp/libgcc.a(_fixunssfsi.o)
 .debug_str     0x00001d10      0x2c1 /usr/lib/gcc/arm-none-eabi/13.2.1/thumb/v6-m/nofp/libgcc.a(addsf3.o)
 .debug_str     0x00001d10      0x2e6 /usr/lib/gcc/arm-none-eabi/13.2.1/thumb/v6-m/nofp/libgcc.a(divsf3.o)
 .debug_str     0x00001d10      0x1ef /usr/lib/gcc/arm-none-eabi/13.2.1/thumb/v6-m/nofp/libgcc.a(eqsf2.o)
 .debug_str     0x00001d10      0x213 /usr/lib/gcc/arm-none-eabi/13.2.1/thumb/v6-m/nofp/libgcc.a(gesf2.o)
 .debug_str     0x00001d10      0x213 /usr/lib/gcc/arm-none-eabi/13.2.1/thumb/v6-m/nofp/libgcc.a(lesf2.o)
 .debug_str     0x00001d10      0x2e6 /usr/lib/gcc/arm-none-eabi/13.2.1/thumb/v6-m/nofp/libgcc.a(mulsf3.o)
 .debug_str     0x00001d10      0x2c1 /usr/lib/gcc/arm-none-eabi/13.2.1/thumb/v6-m/nofp/libgcc.a(subsf3.o)
 .debug_str     0x00001d10      0x1f9 /usr/lib/gcc/arm-none-eabi/13.2.1/thumb/v6-m/nofp/libgcc.a(fixsfsi.o)
 .debug_str     0x00001d10      0x288 /usr/lib/gcc/arm-none-eabi/13.2.1/thumb/v6-m/nofp/libgcc.a(floatsisf.o)
 .debug_str     0x00001d10       0xac /usr/lib/gcc/arm-none-eabi/13.2.1/thumb/v6-m/nofp/libgcc.a(_clzsi2.o)
 .debug_str     0x00001d10      0x1a7 /usr/lib/gcc/arm-none-eabi/13.2.1/../../../arm-none-eabi/lib/thumb/v6-m/nofp/libc_nano.a(libc_a-itoa.o)
 .debug_str     0x00001d10      0x1bb /usr/lib/gcc/arm-none-eabi/13.2.1/../../../arm-none-eabi/lib/thumb/v6-m/nofp/libc_nano.a(libc_a-utoa.o)
 .debug_str     0x00001d10      0x1a6 /usr/lib/gcc/arm-none-eabi/13.2.1/../../../arm-none-eabi/lib/thumb/v6-m/nofp/libc_nano.a(libc_a-memset.o)
 .debug_str     0x00001d10      0x4af /usr/lib/gcc/arm-none-eabi/13.2.1/../../../arm-none-eabi/lib/thumb/v6-m/nofp/libc_nano.a(libc_a-errno.o)
 .debug_str     0x00001d10      0x4f0 /usr/lib/gcc/arm-none-eabi/13.2.1/../../../arm-none-eabi/lib/thumb/v6-m/nofp/libc_nano.a(libc_a-printf.o)
 .debug_str     0x00001d10      0x822 /usr/lib/gcc/arm-none-eabi/13.2.1/../../../arm-none-eabi/lib/thumb/v6-m/nofp/libc_nano.a(libc_a-nano-vfprintf.o)
 .debug_str     0x00001d10      0x4eb /usr/lib/gcc/arm-none-eabi/13.2.1/../../../arm-none-eabi/lib/thumb/v6-m/nofp/libc_nano.a(libc_a-wbuf.o)
 .debug_str     0x00001d10      0x4b5 /usr/lib/gcc/arm-none-eabi/13.2.1/../../../arm-none-eabi/lib/thumb/v6-m/nofp/libc_nano.a(libc_a-impure.o)
 .debug_str     0x00001d10      0x566 /usr/lib/gcc/arm-none-eabi/13.2.1/../../../arm-none-eabi/lib/thumb/v6-m/nofp/libc_nano.a(libc_a-fvwrite.o)
 .debug_str     0x00001d10      0x6b8 /usr/lib/gcc/arm-none-eabi/13.2.1/../../../arm-none-eabi/lib/thumb/v6-m/nofp/libc_nano.a(libc_a-findfp.o)
 .debug_str     0x00001d10      0x53c /usr/lib/gcc/arm-none-eabi/13.2.1/../../../arm-none-eabi/lib/thumb/v6-m/nofp/libc_nano.a(libc_a-fflush.o)
 .debug_str     0x00001d10      0x596 /usr/lib/gcc/arm-none-eabi/13.2.1/../../../arm-none-eabi/lib/thumb/v6-m/nofp/libc_nano.a(libc_a-mallocr.o)
 .debug_str     0x00001d10      0x535 /usr/lib/gcc/arm-none-eabi/13.2.1/../../../arm-none-eabi/lib/thumb/v6-m/nofp/libc_nano.a(libc_a-freer.o)
 .debug_str     0x00001d10      0x1c5 /usr/lib/gcc/arm-none-eabi/13.2.1/../../../arm-none-eabi/lib/thumb/v6-m/nofp/libc_nano.a(libc_a-memmove.o)
 .debug_str     0x00001d10      0x4c5 /usr/lib/gcc/arm-none-eabi/13.2.1/../../../arm-none-eabi/lib/thumb/v6-m/nofp/libc_nano.a(libc_a-fwalk.o)
 .debug_str     0x00001d10      0x4e6 /usr/lib/gcc/arm-none-eabi/13.2.1/../../../arm-none-eabi/lib/thumb/v6-m/nofp/libc_nano.a(libc_a-wsetup.o)
 .debug_str     0x00001d10      0x52b /usr/lib/gcc/arm-none-eabi/13.2.1/../../../arm-none-eabi/lib/thumb/v6-m/nofp/libc_nano.a(libc_a-reallocr.o)
 .debug_str     0x00001d10      0x7a5 /usr/lib/gcc/arm-none-eabi/13.2.1/../../../arm-none-eabi/lib/thumb/v6-m/nofp/libc_nano.a(libc_a-nano-vfprintf_i.o)
 .debug_str     0x00001d10      0x4d3 /usr/lib/gcc/arm-none-eabi/13.2.1/../../../arm-none-eabi/lib/thumb/v6-m/nofp/libc_nano.a(libc_a-mlock.o)
 .debug_str     0x00001d10      0x648 /usr/lib/gcc/arm-none-eabi/13.2.1/../../../arm-none-eabi/lib/thumb/v6-m/nofp/libc_nano.a(libc_a-makebuf.o)
 .debug_str     0x00001d10      0x1b6 /usr/lib/gcc/arm-none-eabi/13.2.1/../../../arm-none-eabi/lib/thumb/v6-m/nofp/libc_nano.a(libc_a-memchr-stub.o)
 .debug_str     0x00001d10      0x1c3 /usr/lib/gcc/arm-none-eabi/13.2.1/../../../arm-none-eabi/lib/thumb/v6-m/nofp/libc_nano.a(libc_a-memcpy-stub.o)
 .debug_str     0x00001d10      0x4b5 /usr/lib/gcc/arm-none-eabi/13.2.1/../../../arm-none-eabi/lib/thumb/v6-m/nofp/libc_nano.a(libc_a-isattyr.o)
 .debug_str     0x00001d10      0x4be /usr/lib/gcc/arm-none-eabi/13.2.1/../../../arm-none-eabi/lib/thumb/v6-m/nofp/libc_nano.a(libc_a-sbrkr.o)
 .debug_str     0x00001d10      0x522 /usr/lib/gcc/arm-none-eabi/13.2.1/../../../arm-none-eabi/lib/thumb/v6-m/nofp/libc_nano.a(libc_a-stdio.o)
 .debug_str     0x00001d10      0x4fe /usr/lib/gcc/arm-none-eabi/13.2.1/../../../arm-none-eabi/lib/thumb/v6-m/nofp/libc_nano.a(libc_a-msizer.o)
 .debug_str     0x00001d10      0x4ab /usr/lib/gcc/arm-none-eabi/13.2.1/../../../arm-none-eabi/lib/thumb/v6-m/nofp/libc_nano.a(libc_a-closer.o)
 .debug_str     0x00001d10      0x4b9 /usr/lib/gcc/arm-none-eabi/13.2.1/../../../arm-none-eabi/lib/thumb/v6-m/nofp/libc_nano.a(libc_a-readr.o)
 .debug_str     0x00001d10      0x4d4 /usr/lib/gcc/arm-none-eabi/13.2.1/../../../arm-none-eabi/lib/thumb/v6-m/nofp/libc_nano.a(libc_a-reent.o)
 .debug_str     0x00001d10      0x5fd /usr/lib/gcc/arm-none-eabi/13.2.1/../../../arm-none-eabi/lib/thumb/v6-m/nofp/libc_nano.a(libc_a-fstatr.o)
 .debug_str     0x00001d10      0x4b9 /usr/lib/gcc/arm-none-eabi/13.2.1/../../../arm-none-eabi/lib/thumb/v6-m/nofp/libc_nano.a(libc_a-lseekr.o)
 .debug_str     0x00001d10      0x4bb /usr/lib/gcc/arm-none-eabi/13.2.1/../../../arm-none-eabi/lib/thumb/v6-m/nofp/libc_nano.a(libc_a-writer.o)

.debug_loclists
                0x00000000     0x55e7
 .debug_loclists
                0x00000000       0x2e /usr/lib/gcc/arm-none-eabi/13.2.1/thumb/v6-m/nofp/libgcc.a(_fixunssfsi.o)
 .debug_loclists
                0x0000002e      0x845 /usr/lib/gcc/arm-none-eabi/13.2.1/thumb/v6-m/nofp/libgcc.a(addsf3.o)
 .debug_loclists
                0x00000873      0x64a /usr/lib/gcc/arm-none-eabi/13.2.1/thumb/v6-m/nofp/libgcc.a(divsf3.o)
 .debug_loclists
                0x00000ebd       0xc1 /usr/lib/gcc/arm-none-eabi/13.2.1/thumb/v6-m/nofp/libgcc.a(eqsf2.o)
 .debug_loclists
                0x00000f7e       0xfe /usr/lib/gcc/arm-none-eabi/13.2.1/thumb/v6-m/nofp/libgcc.a(gesf2.o)
 .debug_loclists
                0x0000107c       0xf8 /usr/lib/gcc/arm-none-eabi/13.2.1/thumb/v6-m/nofp/libgcc.a(lesf2.o)
 .debug_loclists
                0x00001174      0x68c /usr/lib/gcc/arm-none-eabi/13.2.1/thumb/v6-m/nofp/libgcc.a(mulsf3.o)
 .debug_loclists
                0x00001800      0x900 /usr/lib/gcc/arm-none-eabi/13.2.1/thumb/v6-m/nofp/libgcc.a(subsf3.o)
 .debug_loclists
                0x00002100       0x89 /usr/lib/gcc/arm-none-eabi/13.2.1/thumb/v6-m/nofp/libgcc.a(fixsfsi.o)
 .debug_loclists
                0x00002189      0x2ab /usr/lib/gcc/arm-none-eabi/13.2.1/thumb/v6-m/nofp/libgcc.a(floatsisf.o)
 .debug_loclists
                0x00002434      0x215 /usr/lib/gcc/arm-none-eabi/13.2.1/../../../arm-none-eabi/lib/thumb/v6-m/nofp/libc_nano.a(libc_a-itoa.o)
 .debug_loclists
                0x00002649      0x102 /usr/lib/gcc/arm-none-eabi/13.2.1/../../../arm-none-eabi/lib/thumb/v6-m/nofp/libc_nano.a(libc_a-utoa.o)
 .debug_loclists
                0x0000274b      0x1c6 /usr/lib/gcc/arm-none-eabi/13.2.1/../../../arm-none-eabi/lib/thumb/v6-m/nofp/libc_nano.a(libc_a-memset.o)
 .debug_loclists
                0x00002911       0x3c /usr/lib/gcc/arm-none-eabi/13.2.1/../../../arm-none-eabi/lib/thumb/v6-m/nofp/libc_nano.a(libc_a-printf.o)
 .debug_loclists
                0x0000294d      0x6a9 /usr/lib/gcc/arm-none-eabi/13.2.1/../../../arm-none-eabi/lib/thumb/v6-m/nofp/libc_nano.a(libc_a-nano-vfprintf.o)
 .debug_loclists
                0x00002ff6      0x139 /usr/lib/gcc/arm-none-eabi/13.2.1/../../../arm-none-eabi/lib/thumb/v6-m/nofp/libc_nano.a(libc_a-wbuf.o)
 .debug_loclists
                0x0000312f      0x49f /usr/lib/gcc/arm-none-eabi/13.2.1/../../../arm-none-eabi/lib/thumb/v6-m/nofp/libc_nano.a(libc_a-fvwrite.o)
 .debug_loclists
                0x000035ce      0x1dd /usr/lib/gcc/arm-none-eabi/13.2.1/../../../arm-none-eabi/lib/thumb/v6-m/nofp/libc_nano.a(libc_a-findfp.o)
 .debug_loclists
                0x000037ab      0x2a4 /usr/lib/gcc/arm-none-eabi/13.2.1/../../../arm-none-eabi/lib/thumb/v6-m/nofp/libc_nano.a(libc_a-fflush.o)
 .debug_loclists
                0x00003a4f      0x2a9 /usr/lib/gcc/arm-none-eabi/13.2.1/../../../arm-none-eabi/lib/thumb/v6-m/nofp/libc_nano.a(libc_a-mallocr.o)
 .debug_loclists
                0x00003cf8      0x11a /usr/lib/gcc/arm-none-eabi/13.2.1/../../../arm-none-eabi/lib/thumb/v6-m/nofp/libc_nano.a(libc_a-freer.o)
 .debug_loclists
                0x00003e12      0x3ac /usr/lib/gcc/arm-none-eabi/13.2.1/../../../arm-none-eabi/lib/thumb/v6-m/nofp/libc_nano.a(libc_a-memmove.o)
 .debug_loclists
                0x000041be       0xa0 /usr/lib/gcc/arm-none-eabi/13.2.1/../../../arm-none-eabi/lib/thumb/v6-m/nofp/libc_nano.a(libc_a-fwalk.o)
 .debug_loclists
                0x0000425e       0x7d /usr/lib/gcc/arm-none-eabi/13.2.1/../../../arm-none-eabi/lib/thumb/v6-m/nofp/libc_nano.a(libc_a-wsetup.o)
 .debug_loclists
                0x000042db      0x19f /usr/lib/gcc/arm-none-eabi/13.2.1/../../../arm-none-eabi/lib/thumb/v6-m/nofp/libc_nano.a(libc_a-reallocr.o)
 .debug_loclists
                0x0000447a      0x47e /usr/lib/gcc/arm-none-eabi/13.2.1/../../../arm-none-eabi/lib/thumb/v6-m/nofp/libc_nano.a(libc_a-nano-vfprintf_i.o)
 .debug_loclists
                0x000048f8      0x21e /usr/lib/gcc/arm-none-eabi/13.2.1/../../../arm-none-eabi/lib/thumb/v6-m/nofp/libc_nano.a(libc_a-makebuf.o)
 .debug_loclists
                0x00004b16      0x15d /usr/lib/gcc/arm-none-eabi/13.2.1/../../../arm-none-eabi/lib/thumb/v6-m/nofp/libc_nano.a(libc_a-memchr-stub.o)
 .debug_loclists
                0x00004c73      0x2c7 /usr/lib/gcc/arm-none-eabi/13.2.1/../../../arm-none-eabi/lib/thumb/v6-m/nofp/libc_nano.a(libc_a-memcpy-stub.o)
 .debug_loclists
                0x00004f3a       0x52 /usr/lib/gcc/arm-none-eabi/13.2.1/../../../arm-none-eabi/lib/thumb/v6-m/nofp/libc_nano.a(libc_a-isattyr.o)
 .debug_loclists
                0x00004f8c       0x52 /usr/lib/gcc/arm-none-eabi/13.2.1/../../../arm-none-eabi/lib/thumb/v6-m/nofp/libc_nano.a(libc_a-sbrkr.o)
 .debug_loclists
                0x00004fde      0x292 /usr/lib/gcc/arm-none-eabi/13.2.1/../../../arm-none-eabi/lib/thumb/v6-m/nofp/libc_nano.a(libc_a-stdio.o)
 .debug_loclists
                0x00005270       0x81 /usr/lib/gcc/arm-none-eabi/13.2.1/../../../arm-none-eabi/lib/thumb/v6-m/nofp/libc_nano.a(libc_a-msizer.o)
 .debug_loclists
                0x000052f1       0x52 /usr/lib/gcc/arm-none-eabi/13.2.1/../../../arm-none-eabi/lib/thumb/v6-m/nofp/libc_nano.a(libc_a-closer.o)
 .debug_loclists
                0x00005343       0x97 /usr/lib/gcc/arm-none-eabi/13.2.1/../../../arm-none-eabi/lib/thumb/v6-m/nofp/libc_nano.a(libc_a-readr.o)
 .debug_loclists
                0x000053da       0x6e /usr/lib/gcc/arm-none-eabi/13.2.1/../../../arm-none-eabi/lib/thumb/v6-m/nofp/libc_nano.a(libc_a-reent.o)
 .debug_loclists
                0x00005448       0x71 /usr/lib/gcc/arm-none-eabi/13.2.1/../../../arm-none-eabi/lib/thumb/v6-m/nofp/libc_nano.a(libc_a-fstatr.o)
 .debug_loclists
                0x000054b9       0x97 /usr/lib/gcc/arm-none-eabi/13.2.1/../../../arm-none-eabi/lib/thumb/v6-m/nofp/libc_nano.a(libc_a-lseekr.o)
 .debug_loclists
                0x00005550       0x97 /usr/lib/gcc/arm-none-eabi/13.2.1/../../../arm-none-eabi/lib/thumb/v6-m/nofp/libc_nano.a(libc_a-writer.o)

.debug_rnglists
                0x00000000      0x6c9
 .debug_rnglists
                0x00000000      0x15d /usr/lib/gcc/arm-none-eabi/13.2.1/thumb/v6-m/nofp/libgcc.a(addsf3.o)
 .debug_rnglists
                0x0000015d       0x82 /usr/lib/gcc/arm-none-eabi/13.2.1/thumb/v6-m/nofp/libgcc.a(divsf3.o)
 .debug_rnglists
                0x000001df       0x1d /usr/lib/gcc/arm-none-eabi/13.2.1/thumb/v6-m/nofp/libgcc.a(eqsf2.o)
 .debug_rnglists
                0x000001fc       0x36 /usr/lib/gcc/arm-none-eabi/13.2.1/thumb/v6-m/nofp/libgcc.a(gesf2.o)
 .debug_rnglists
                0x00000232       0x2e /usr/lib/gcc/arm-none-eabi/13.2.1/thumb/v6-m/nofp/libgcc.a(lesf2.o)
 .debug_rnglists
                0x00000260       0x72 /usr/lib/gcc/arm-none-eabi/13.2.1/thumb/v6-m/nofp/libgcc.a(mulsf3.o)
 .debug_rnglists
                0x000002d2      0x198 /usr/lib/gcc/arm-none-eabi/13.2.1/thumb/v6-m/nofp/libgcc.a(subsf3.o)
 .debug_rnglists
                0x0000046a       0x1a /usr/lib/gcc/arm-none-eabi/13.2.1/thumb/v6-m/nofp/libgcc.a(fixsfsi.o)
 .debug_rnglists
                0x00000484       0x41 /usr/lib/gcc/arm-none-eabi/13.2.1/thumb/v6-m/nofp/libgcc.a(floatsisf.o)
 .debug_rnglists
                0x000004c5       0x16 /usr/lib/gcc/arm-none-eabi/13.2.1/../../../arm-none-eabi/lib/thumb/v6-m/nofp/libc_nano.a(libc_a-itoa.o)
 .debug_rnglists
                0x000004db       0x1a /usr/lib/gcc/arm-none-eabi/13.2.1/../../../arm-none-eabi/lib/thumb/v6-m/nofp/libc_nano.a(libc_a-nano-vfprintf.o)
 .debug_rnglists
                0x000004f5       0x18 /usr/lib/gcc/arm-none-eabi/13.2.1/../../../arm-none-eabi/lib/thumb/v6-m/nofp/libc_nano.a(libc_a-wbuf.o)
 .debug_rnglists
                0x0000050d       0x30 /usr/lib/gcc/arm-none-eabi/13.2.1/../../../arm-none-eabi/lib/thumb/v6-m/nofp/libc_nano.a(libc_a-fvwrite.o)
 .debug_rnglists
                0x0000053d       0x6d /usr/lib/gcc/arm-none-eabi/13.2.1/../../../arm-none-eabi/lib/thumb/v6-m/nofp/libc_nano.a(libc_a-findfp.o)
 .debug_rnglists
                0x000005aa       0x4a /usr/lib/gcc/arm-none-eabi/13.2.1/../../../arm-none-eabi/lib/thumb/v6-m/nofp/libc_nano.a(libc_a-fflush.o)
 .debug_rnglists
                0x000005f4       0x1f /usr/lib/gcc/arm-none-eabi/13.2.1/../../../arm-none-eabi/lib/thumb/v6-m/nofp/libc_nano.a(libc_a-mallocr.o)
 .debug_rnglists
                0x00000613       0x13 /usr/lib/gcc/arm-none-eabi/13.2.1/../../../arm-none-eabi/lib/thumb/v6-m/nofp/libc_nano.a(libc_a-freer.o)
 .debug_rnglists
                0x00000626       0x1b /usr/lib/gcc/arm-none-eabi/13.2.1/../../../arm-none-eabi/lib/thumb/v6-m/nofp/libc_nano.a(libc_a-wsetup.o)
 .debug_rnglists
                0x00000641       0x6d /usr/lib/gcc/arm-none-eabi/13.2.1/../../../arm-none-eabi/lib/thumb/v6-m/nofp/libc_nano.a(libc_a-nano-vfprintf_i.o)
 .debug_rnglists
                0x000006ae       0x1b /usr/lib/gcc/arm-none-eabi/13.2.1/../../../arm-none-eabi/lib/thumb/v6-m/nofp/libc_nano.a(libc_a-makebuf.o)